---------------------------------	Toshiba Satellite l850	---------------------------------


----------------------	dmesg	----------------------

[    0.000000] Initializing cgroup subsys cpuset
[    0.000000] Initializing cgroup subsys cpu
[    0.000000] Initializing cgroup subsys cpuacct
[    0.000000] Linux version 3.11.0-20-generic (buildd@aatxe) (gcc version 4.8.1 (Ubuntu/Linaro 4.8.1-10ubuntu8) ) #34-Ubuntu SMP Tue Apr 1 20:40:25 UTC 2014 (Ubuntu 3.11.0-20.34-generic 3.11.10.6)
[    0.000000] Command line: BOOT_IMAGE=/vmlinuz-3.11.0-20-generic.efi.signed root=UUID=f6a02420-e7d2-4c67-b22d-654276d27df4 ro quiet splash vt.handoff=7
[    0.000000] KERNEL supported cpus:
[    0.000000]   Intel GenuineIntel
[    0.000000]   AMD AuthenticAMD
[    0.000000]   Centaur CentaurHauls
[    0.000000] e820: BIOS-provided physical RAM map:
[    0.000000] BIOS-e820: [mem 0x0000000000000000-0x0000000000087fff] usable
[    0.000000] BIOS-e820: [mem 0x0000000000088000-0x00000000000bffff] reserved
[    0.000000] BIOS-e820: [mem 0x0000000000100000-0x00000000a916dfff] usable
[    0.000000] BIOS-e820: [mem 0x00000000a916e000-0x00000000a9d76fff] ACPI NVS
[    0.000000] BIOS-e820: [mem 0x00000000a9d77000-0x00000000a9d99fff] usable
[    0.000000] BIOS-e820: [mem 0x00000000a9d9a000-0x00000000a9d9efff] ACPI NVS
[    0.000000] BIOS-e820: [mem 0x00000000a9d9f000-0x00000000aebbefff] usable
[    0.000000] BIOS-e820: [mem 0x00000000aebbf000-0x00000000af6befff] reserved
[    0.000000] BIOS-e820: [mem 0x00000000af6bf000-0x00000000af7befff] ACPI NVS
[    0.000000] BIOS-e820: [mem 0x00000000af7bf000-0x00000000af7fefff] ACPI data
[    0.000000] BIOS-e820: [mem 0x00000000af7ff000-0x00000000af7fffff] usable
[    0.000000] BIOS-e820: [mem 0x00000000af800000-0x00000000afffffff] reserved
[    0.000000] BIOS-e820: [mem 0x00000000f0000000-0x00000000f3ffffff] reserved
[    0.000000] BIOS-e820: [mem 0x00000000feb00000-0x00000000feb03fff] reserved
[    0.000000] BIOS-e820: [mem 0x00000000fec00000-0x00000000fec00fff] reserved
[    0.000000] BIOS-e820: [mem 0x00000000fed10000-0x00000000fed19fff] reserved
[    0.000000] BIOS-e820: [mem 0x00000000fed1c000-0x00000000fed1ffff] reserved
[    0.000000] BIOS-e820: [mem 0x00000000fee00000-0x00000000fee00fff] reserved
[    0.000000] BIOS-e820: [mem 0x00000000ffc00000-0x00000000ffffffff] reserved
[    0.000000] BIOS-e820: [mem 0x0000000100000000-0x00000001ceffffff] usable
[    0.000000] NX (Execute Disable) protection: active
[    0.000000] efi: EFI v2.31 by INSYDE Corp.
[    0.000000] efi:  ACPI=0xaf7fe000  ACPI 2.0=0xaf7fe014  SMBIOS=0xaf6bef98 
[    0.000000] efi: mem00: type=3, attr=0xf, range=[0x0000000000000000-0x0000000000001000) (0MB)
[    0.000000] efi: mem01: type=7, attr=0xf, range=[0x0000000000001000-0x000000000006f000) (0MB)
[    0.000000] efi: mem02: type=4, attr=0xf, range=[0x000000000006f000-0x0000000000070000) (0MB)
[    0.000000] efi: mem03: type=7, attr=0xf, range=[0x0000000000070000-0x0000000000088000) (0MB)
[    0.000000] efi: mem04: type=6, attr=0x800000000000000f, range=[0x0000000000088000-0x00000000000a0000) (0MB)
[    0.000000] efi: mem05: type=2, attr=0xf, range=[0x0000000000100000-0x00000000014f4000) (19MB)
[    0.000000] efi: mem06: type=7, attr=0xf, range=[0x00000000014f4000-0x0000000002000000) (11MB)
[    0.000000] efi: mem07: type=2, attr=0xf, range=[0x0000000002000000-0x00000000033f4000) (19MB)
[    0.000000] efi: mem08: type=7, attr=0xf, range=[0x00000000033f4000-0x0000000035eac000) (810MB)
[    0.000000] efi: mem09: type=2, attr=0xf, range=[0x0000000035eac000-0x0000000036f4e000) (16MB)
[    0.000000] efi: mem10: type=7, attr=0xf, range=[0x0000000036f4e000-0x000000007c359000) (1108MB)
[    0.000000] efi: mem11: type=2, attr=0xf, range=[0x000000007c359000-0x00000000a6dc0000) (682MB)
[    0.000000] efi: mem12: type=4, attr=0xf, range=[0x00000000a6dc0000-0x00000000a6de0000) (0MB)
[    0.000000] efi: mem13: type=7, attr=0xf, range=[0x00000000a6de0000-0x00000000a8c66000) (30MB)
[    0.000000] efi: mem14: type=2, attr=0xf, range=[0x00000000a8c66000-0x00000000a8e20000) (1MB)
[    0.000000] efi: mem15: type=1, attr=0xf, range=[0x00000000a8e20000-0x00000000a8f54000) (1MB)
[    0.000000] efi: mem16: type=4, attr=0xf, range=[0x00000000a8f54000-0x00000000a916e000) (2MB)
[    0.000000] efi: mem17: type=10, attr=0xf, range=[0x00000000a916e000-0x00000000a9d77000) (12MB)
[    0.000000] efi: mem18: type=4, attr=0xf, range=[0x00000000a9d77000-0x00000000a9d9a000) (0MB)
[    0.000000] efi: mem19: type=10, attr=0xf, range=[0x00000000a9d9a000-0x00000000a9d9f000) (0MB)
[    0.000000] efi: mem20: type=4, attr=0xf, range=[0x00000000a9d9f000-0x00000000a9db0000) (0MB)
[    0.000000] efi: mem21: type=7, attr=0xf, range=[0x00000000a9db0000-0x00000000a9dbd000) (0MB)
[    0.000000] efi: mem22: type=2, attr=0xf, range=[0x00000000a9dbd000-0x00000000a9dbf000) (0MB)
[    0.000000] efi: mem23: type=7, attr=0xf, range=[0x00000000a9dbf000-0x00000000a9e14000) (0MB)
[    0.000000] efi: mem24: type=1, attr=0xf, range=[0x00000000a9e14000-0x00000000a9fbf000) (1MB)
[    0.000000] efi: mem25: type=7, attr=0xf, range=[0x00000000a9fbf000-0x00000000ab8fb000) (25MB)
[    0.000000] efi: mem26: type=4, attr=0xf, range=[0x00000000ab8fb000-0x00000000abe20000) (5MB)
[    0.000000] efi: mem27: type=7, attr=0xf, range=[0x00000000abe20000-0x00000000abe38000) (0MB)
[    0.000000] efi: mem28: type=4, attr=0xf, range=[0x00000000abe38000-0x00000000abe41000) (0MB)
[    0.000000] efi: mem29: type=7, attr=0xf, range=[0x00000000abe41000-0x00000000abe49000) (0MB)
[    0.000000] efi: mem30: type=4, attr=0xf, range=[0x00000000abe49000-0x00000000abe53000) (0MB)
[    0.000000] efi: mem31: type=7, attr=0xf, range=[0x00000000abe53000-0x00000000abe55000) (0MB)
[    0.000000] efi: mem32: type=4, attr=0xf, range=[0x00000000abe55000-0x00000000abe66000) (0MB)
[    0.000000] efi: mem33: type=7, attr=0xf, range=[0x00000000abe66000-0x00000000abe67000) (0MB)
[    0.000000] efi: mem34: type=4, attr=0xf, range=[0x00000000abe67000-0x00000000abf3f000) (0MB)
[    0.000000] efi: mem35: type=7, attr=0xf, range=[0x00000000abf3f000-0x00000000abf73000) (0MB)
[    0.000000] efi: mem36: type=4, attr=0xf, range=[0x00000000abf73000-0x00000000ac00e000) (0MB)
[    0.000000] efi: mem37: type=7, attr=0xf, range=[0x00000000ac00e000-0x00000000ac01e000) (0MB)
[    0.000000] efi: mem38: type=4, attr=0xf, range=[0x00000000ac01e000-0x00000000ac16a000) (1MB)
[    0.000000] efi: mem39: type=7, attr=0xf, range=[0x00000000ac16a000-0x00000000ac16b000) (0MB)
[    0.000000] efi: mem40: type=4, attr=0xf, range=[0x00000000ac16b000-0x00000000ac402000) (2MB)
[    0.000000] efi: mem41: type=7, attr=0xf, range=[0x00000000ac402000-0x00000000ac409000) (0MB)
[    0.000000] efi: mem42: type=4, attr=0xf, range=[0x00000000ac409000-0x00000000ac412000) (0MB)
[    0.000000] efi: mem43: type=7, attr=0xf, range=[0x00000000ac412000-0x00000000ac413000) (0MB)
[    0.000000] efi: mem44: type=4, attr=0xf, range=[0x00000000ac413000-0x00000000ac43b000) (0MB)
[    0.000000] efi: mem45: type=7, attr=0xf, range=[0x00000000ac43b000-0x00000000ac43d000) (0MB)
[    0.000000] efi: mem46: type=4, attr=0xf, range=[0x00000000ac43d000-0x00000000ac9e7000) (5MB)
[    0.000000] efi: mem47: type=7, attr=0xf, range=[0x00000000ac9e7000-0x00000000ac9f0000) (0MB)
[    0.000000] efi: mem48: type=4, attr=0xf, range=[0x00000000ac9f0000-0x00000000ac9f1000) (0MB)
[    0.000000] efi: mem49: type=7, attr=0xf, range=[0x00000000ac9f1000-0x00000000ac9f2000) (0MB)
[    0.000000] efi: mem50: type=4, attr=0xf, range=[0x00000000ac9f2000-0x00000000ae3bf000) (25MB)
[    0.000000] efi: mem51: type=7, attr=0xf, range=[0x00000000ae3bf000-0x00000000ae7f6000) (4MB)
[    0.000000] efi: mem52: type=2, attr=0xf, range=[0x00000000ae7f6000-0x00000000ae800000) (0MB)
[    0.000000] efi: mem53: type=3, attr=0xf, range=[0x00000000ae800000-0x00000000aebbf000) (3MB)
[    0.000000] efi: mem54: type=5, attr=0x800000000000000f, range=[0x00000000aebbf000-0x00000000aed34000) (1MB)
[    0.000000] efi: mem55: type=6, attr=0x800000000000000f, range=[0x00000000aed34000-0x00000000aeeba000) (1MB)
[    0.000000] efi: mem56: type=5, attr=0x800000000000000f, range=[0x00000000aeeba000-0x00000000aefbf000) (1MB)
[    0.000000] efi: mem57: type=6, attr=0x800000000000000f, range=[0x00000000aefbf000-0x00000000af1bf000) (2MB)
[    0.000000] efi: mem58: type=0, attr=0xf, range=[0x00000000af1bf000-0x00000000af6bf000) (5MB)
[    0.000000] efi: mem59: type=10, attr=0xf, range=[0x00000000af6bf000-0x00000000af7bf000) (1MB)
[    0.000000] efi: mem60: type=9, attr=0xf, range=[0x00000000af7bf000-0x00000000af7ff000) (0MB)
[    0.000000] efi: mem61: type=4, attr=0xf, range=[0x00000000af7ff000-0x00000000af800000) (0MB)
[    0.000000] efi: mem62: type=7, attr=0xf, range=[0x0000000100000000-0x00000001cf000000) (3312MB)
[    0.000000] efi: mem63: type=0, attr=0x0, range=[0x00000000000a0000-0x00000000000c0000) (0MB)
[    0.000000] efi: mem64: type=0, attr=0x0, range=[0x00000000af800000-0x00000000b0000000) (8MB)
[    0.000000] efi: mem65: type=11, attr=0x8000000000000001, range=[0x00000000f0000000-0x00000000f4000000) (64MB)
[    0.000000] efi: mem66: type=11, attr=0x8000000000000001, range=[0x00000000feb00000-0x00000000feb04000) (0MB)
[    0.000000] efi: mem67: type=11, attr=0x8000000000000001, range=[0x00000000fec00000-0x00000000fec01000) (0MB)
[    0.000000] efi: mem68: type=11, attr=0x8000000000000001, range=[0x00000000fed10000-0x00000000fed1a000) (0MB)
[    0.000000] efi: mem69: type=11, attr=0x8000000000000001, range=[0x00000000fed1c000-0x00000000fed20000) (0MB)
[    0.000000] efi: mem70: type=11, attr=0x8000000000000001, range=[0x00000000fee00000-0x00000000fee01000) (0MB)
[    0.000000] efi: mem71: type=11, attr=0x8000000000000000, range=[0x00000000ffc00000-0x0000000100000000) (4MB)
[    0.000000] SMBIOS 2.7 present.
[    0.000000] DMI: TOSHIBA SATELLITE L850-1XK/PLCSF8, BIOS 6.70 07/17/2013
[    0.000000] e820: update [mem 0x00000000-0x00000fff] usable ==> reserved
[    0.000000] e820: remove [mem 0x000a0000-0x000fffff] usable
[    0.000000] No AGP bridge found
[    0.000000] e820: last_pfn = 0x1cf000 max_arch_pfn = 0x400000000
[    0.000000] MTRR default type: uncachable
[    0.000000] MTRR fixed ranges enabled:
[    0.000000]   00000-9FFFF write-back
[    0.000000]   A0000-BFFFF uncachable
[    0.000000]   C0000-E7FFF write-protect
[    0.000000]   E8000-EFFFF write-combining
[    0.000000]   F0000-FFFFF write-protect
[    0.000000] MTRR variable ranges enabled:
[    0.000000]   0 base 000000000 mask F80000000 write-back
[    0.000000]   1 base 080000000 mask FC0000000 write-back
[    0.000000]   2 base 0AF800000 mask FFF800000 uncachable
[    0.000000]   3 base 0B0000000 mask FF0000000 uncachable
[    0.000000]   4 base 0FFC00000 mask FFFC00000 write-protect
[    0.000000]   5 base 100000000 mask F00000000 write-back
[    0.000000]   6 base 1CF000000 mask FFF000000 uncachable
[    0.000000]   7 base 1D0000000 mask FF0000000 uncachable
[    0.000000]   8 base 1E0000000 mask FE0000000 uncachable
[    0.000000]   9 disabled
[    0.000000] x86 PAT enabled: cpu 0, old 0x7040600070406, new 0x7010600070106
[    0.000000] e820: last_pfn = 0xaf800 max_arch_pfn = 0x400000000
[    0.000000] Scanning 1 areas for low memory corruption
[    0.000000] Base memory trampoline at [ffff88000007e000] 7e000 size 24576
[    0.000000] init_memory_mapping: [mem 0x00000000-0x000fffff]
[    0.000000]  [mem 0x00000000-0x000fffff] page 4k
[    0.000000] BRK [0x02fd2000, 0x02fd2fff] PGTABLE
[    0.000000] BRK [0x02fd3000, 0x02fd3fff] PGTABLE
[    0.000000] BRK [0x02fd4000, 0x02fd4fff] PGTABLE
[    0.000000] init_memory_mapping: [mem 0x1cee00000-0x1ceffffff]
[    0.000000]  [mem 0x1cee00000-0x1ceffffff] page 2M
[    0.000000] BRK [0x02fd5000, 0x02fd5fff] PGTABLE
[    0.000000] init_memory_mapping: [mem 0x1cc000000-0x1cedfffff]
[    0.000000]  [mem 0x1cc000000-0x1cedfffff] page 2M
[    0.000000] init_memory_mapping: [mem 0x180000000-0x1cbffffff]
[    0.000000]  [mem 0x180000000-0x1cbffffff] page 2M
[    0.000000] BRK [0x02fd6000, 0x02fd6fff] PGTABLE
[    0.000000] init_memory_mapping: [mem 0x00100000-0xa916dfff]
[    0.000000]  [mem 0x00100000-0x001fffff] page 4k
[    0.000000]  [mem 0x00200000-0xa8ffffff] page 2M
[    0.000000]  [mem 0xa9000000-0xa916dfff] page 4k
[    0.000000] init_memory_mapping: [mem 0xa9d77000-0xa9d99fff]
[    0.000000]  [mem 0xa9d77000-0xa9d99fff] page 4k
[    0.000000] BRK [0x02fd7000, 0x02fd7fff] PGTABLE
[    0.000000] init_memory_mapping: [mem 0xa9d9f000-0xaebbefff]
[    0.000000]  [mem 0xa9d9f000-0xa9dfffff] page 4k
[    0.000000]  [mem 0xa9e00000-0xae9fffff] page 2M
[    0.000000]  [mem 0xaea00000-0xaebbefff] page 4k
[    0.000000] init_memory_mapping: [mem 0xaf7ff000-0xaf7fffff]
[    0.000000]  [mem 0xaf7ff000-0xaf7fffff] page 4k
[    0.000000] init_memory_mapping: [mem 0x100000000-0x17fffffff]
[    0.000000]  [mem 0x100000000-0x17fffffff] page 2M
[    0.000000] RAMDISK: [mem 0x35eac000-0x36f4dfff]
[    0.000000] ACPI: RSDP 00000000af7fe014 00024 (v02 TOSASU)
[    0.000000] ACPI: XSDT 00000000af7fe210 000BC (v01 TOSASU TOSASU00 00000100      01000013)
[    0.000000] ACPI: FACP 00000000af7f9000 0010C (v05 TOSASU TOSASU00 00000100 ACPI 00040000)
[    0.000000] ACPI: DSDT 00000000af7dc000 19F8A (v01 TOSASU TOSASU00 00000001 ACPI 00040000)
[    0.000000] ACPI: FACS 00000000af7aa000 00040
[    0.000000] ACPI: ECDT 00000000af7fd000 000C1 (v01 TOSASU TOSASU00 00000001 ACPI 00040000)
[    0.000000] ACPI: MSDM 00000000af7fc000 00055 (v03 TOSASU TOSASU00 06222004 ACPI 00040000)
[    0.000000] ACPI: UEFI 00000000af7fb000 00236 (v01 TOSASU TOSASU00 00000001 ACPI 00040000)
[    0.000000] ACPI: ASF! 00000000af7fa000 000A5 (v32 TOSASU TOSASU00 00000001 ACPI 00040000)
[    0.000000] ACPI: HPET 00000000af7f8000 00038 (v01 TOSASU TOSASU00 00000001 ACPI 00040000)
[    0.000000] ACPI: APIC 00000000af7f7000 0008C (v03 TOSASU TOSASU00 00000001 ACPI 00040000)
[    0.000000] ACPI: MCFG 00000000af7f6000 0003C (v01 TOSASU TOSASU00 00000001 ACPI 00040000)
[    0.000000] ACPI: SLIC 00000000af7db000 00176 (v01 TOSASU TOSASU00 00000001 ACPI 00040000)
[    0.000000] ACPI: WDAT 00000000af7da000 00224 (v01 TOSASU TOSASU00 00000001 ACPI 00040000)
[    0.000000] ACPI: SSDT 00000000af7d8000 01068 (v01 TOSASU TOSASU00 00001000 ACPI 00040000)
[    0.000000] ACPI: BOOT 00000000af7d6000 00028 (v01 TOSASU TOSASU00 00000001 ACPI 00040000)
[    0.000000] ACPI: ASPT 00000000af7d4000 00034 (v07 TOSASU TOSASU00 00000001 ACPI 00040000)
[    0.000000] ACPI: DBGP 00000000af7d3000 00034 (v01 TOSASU TOSASU00 00000001 ACPI 00040000)
[    0.000000] ACPI: FPDT 00000000af7d1000 00044 (v01 TOSASU TOSASU00 00000001 ACPI 00040000)
[    0.000000] ACPI: SSDT 00000000af7cf000 009BB (v01 TOSASU TOSASU00 00003000 ACPI 00040000)
[    0.000000] ACPI: SSDT 00000000af7ce000 00B22 (v01 TOSASU TOSASU00 00003000 ACPI 00040000)
[    0.000000] ACPI: VFCT 00000000af7c8000 05684 (v01 TOSASU TOSASU00 00000001 ACPI 00040000)
[    0.000000] ACPI: BGRT 00000000af7c7000 00038 (v01 TOSASU TOSASU00 00000001 ACPI 00040000)
[    0.000000] ACPI: Local APIC address 0xfee00000
[    0.000000] No NUMA configuration found
[    0.000000] Faking a node at [mem 0x0000000000000000-0x00000001ceffffff]
[    0.000000] Initmem setup node 0 [mem 0x00000000-0x1ceffffff]
[    0.000000]   NODE_DATA [mem 0x1ceff4000-0x1ceff8fff]
[    0.000000]  [ffffea0000000000-ffffea00073fffff] PMD -> [ffff8801c8600000-ffff8801ce5fffff] on node 0
[    0.000000] Zone ranges:
[    0.000000]   DMA      [mem 0x00001000-0x00ffffff]
[    0.000000]   DMA32    [mem 0x01000000-0xffffffff]
[    0.000000]   Normal   [mem 0x100000000-0x1ceffffff]
[    0.000000] Movable zone start for each node
[    0.000000] Early memory node ranges
[    0.000000]   node   0: [mem 0x00001000-0x00087fff]
[    0.000000]   node   0: [mem 0x00100000-0xa916dfff]
[    0.000000]   node   0: [mem 0xa9d77000-0xa9d99fff]
[    0.000000]   node   0: [mem 0xa9d9f000-0xaebbefff]
[    0.000000]   node   0: [mem 0xaf7ff000-0xaf7fffff]
[    0.000000]   node   0: [mem 0x100000000-0x1ceffffff]
[    0.000000] On node 0 totalpages: 1560377
[    0.000000]   DMA zone: 64 pages used for memmap
[    0.000000]   DMA zone: 23 pages reserved
[    0.000000]   DMA zone: 3975 pages, LIFO batch:0
[    0.000000]   DMA32 zone: 11071 pages used for memmap
[    0.000000]   DMA32 zone: 708530 pages, LIFO batch:31
[    0.000000]   Normal zone: 13248 pages used for memmap
[    0.000000]   Normal zone: 847872 pages, LIFO batch:31
[    0.000000] ACPI: PM-Timer IO Port: 0x408
[    0.000000] ACPI: Local APIC address 0xfee00000
[    0.000000] ACPI: LAPIC (acpi_id[0x01] lapic_id[0x00] enabled)
[    0.000000] ACPI: LAPIC (acpi_id[0x02] lapic_id[0x01] enabled)
[    0.000000] ACPI: LAPIC (acpi_id[0x03] lapic_id[0x02] enabled)
[    0.000000] ACPI: LAPIC (acpi_id[0x04] lapic_id[0x03] enabled)
[    0.000000] ACPI: LAPIC (acpi_id[0x05] lapic_id[0x00] disabled)
[    0.000000] ACPI: LAPIC (acpi_id[0x06] lapic_id[0x00] disabled)
[    0.000000] ACPI: LAPIC (acpi_id[0x07] lapic_id[0x00] disabled)
[    0.000000] ACPI: LAPIC (acpi_id[0x08] lapic_id[0x00] disabled)
[    0.000000] ACPI: IOAPIC (id[0x00] address[0xfec00000] gsi_base[0])
[    0.000000] IOAPIC[0]: apic_id 0, version 32, address 0xfec00000, GSI 0-23
[    0.000000] ACPI: INT_SRC_OVR (bus 0 bus_irq 0 global_irq 2 dfl dfl)
[    0.000000] ACPI: INT_SRC_OVR (bus 0 bus_irq 9 global_irq 9 high level)
[    0.000000] ACPI: IRQ0 used by override.
[    0.000000] ACPI: IRQ2 used by override.
[    0.000000] ACPI: IRQ9 used by override.
[    0.000000] Using ACPI (MADT) for SMP configuration information
[    0.000000] ACPI: HPET id: 0x8086a201 base: 0xfed00000
[    0.000000] smpboot: Allowing 8 CPUs, 4 hotplug CPUs
[    0.000000] nr_irqs_gsi: 40
[    0.000000] PM: Registered nosave memory: [mem 0x00088000-0x000bffff]
[    0.000000] PM: Registered nosave memory: [mem 0x000c0000-0x000fffff]
[    0.000000] PM: Registered nosave memory: [mem 0xa916e000-0xa9d76fff]
[    0.000000] PM: Registered nosave memory: [mem 0xa9d9a000-0xa9d9efff]
[    0.000000] PM: Registered nosave memory: [mem 0xaebbf000-0xaf6befff]
[    0.000000] PM: Registered nosave memory: [mem 0xaf6bf000-0xaf7befff]
[    0.000000] PM: Registered nosave memory: [mem 0xaf7bf000-0xaf7fefff]
[    0.000000] PM: Registered nosave memory: [mem 0xaf800000-0xafffffff]
[    0.000000] PM: Registered nosave memory: [mem 0xb0000000-0xefffffff]
[    0.000000] PM: Registered nosave memory: [mem 0xf0000000-0xf3ffffff]
[    0.000000] PM: Registered nosave memory: [mem 0xf4000000-0xfeafffff]
[    0.000000] PM: Registered nosave memory: [mem 0xfeb00000-0xfeb03fff]
[    0.000000] PM: Registered nosave memory: [mem 0xfeb04000-0xfebfffff]
[    0.000000] PM: Registered nosave memory: [mem 0xfec00000-0xfec00fff]
[    0.000000] PM: Registered nosave memory: [mem 0xfec01000-0xfed0ffff]
[    0.000000] PM: Registered nosave memory: [mem 0xfed10000-0xfed19fff]
[    0.000000] PM: Registered nosave memory: [mem 0xfed1a000-0xfed1bfff]
[    0.000000] PM: Registered nosave memory: [mem 0xfed1c000-0xfed1ffff]
[    0.000000] PM: Registered nosave memory: [mem 0xfed20000-0xfedfffff]
[    0.000000] PM: Registered nosave memory: [mem 0xfee00000-0xfee00fff]
[    0.000000] PM: Registered nosave memory: [mem 0xfee01000-0xffbfffff]
[    0.000000] PM: Registered nosave memory: [mem 0xffc00000-0xffffffff]
[    0.000000] e820: [mem 0xb0000000-0xefffffff] available for PCI devices
[    0.000000] Booting paravirtualized kernel on bare hardware
[    0.000000] setup_percpu: NR_CPUS:256 nr_cpumask_bits:256 nr_cpu_ids:8 nr_node_ids:1
[    0.000000] PERCPU: Embedded 29 pages/cpu @ffff8801cec00000 s86720 r8192 d23872 u262144
[    0.000000] pcpu-alloc: s86720 r8192 d23872 u262144 alloc=1*2097152
[    0.000000] pcpu-alloc: [0] 0 1 2 3 4 5 6 7 
[    0.000000] Built 1 zonelists in Zone order, mobility grouping on.  Total pages: 1535971
[    0.000000] Policy zone: Normal
[    0.000000] Kernel command line: BOOT_IMAGE=/vmlinuz-3.11.0-20-generic.efi.signed root=UUID=f6a02420-e7d2-4c67-b22d-654276d27df4 ro quiet splash vt.handoff=7
[    0.000000] PID hash table entries: 4096 (order: 3, 32768 bytes)
[    0.000000] xsave: enabled xstate_bv 0x7, cntxt size 0x340
[    0.000000] Checking aperture...
[    0.000000] No AGP bridge found
[    0.000000] Calgary: detecting Calgary via BIOS EBDA area
[    0.000000] Calgary: Unable to locate Rio Grande table in EBDA - bailing!
[    0.000000] Memory: 5992952K/6241508K available (7155K kernel code, 1083K rwdata, 3312K rodata, 1368K init, 1420K bss, 248556K reserved)
[    0.000000] SLUB: HWalign=64, Order=0-3, MinObjects=0, CPUs=8, Nodes=1
[    0.000000] Hierarchical RCU implementation.
[    0.000000] 	RCU dyntick-idle grace-period acceleration is enabled.
[    0.000000] 	RCU restricting CPUs from NR_CPUS=256 to nr_cpu_ids=8.
[    0.000000] 	Offload RCU callbacks from all CPUs
[    0.000000] 	Offload RCU callbacks from CPUs: 0-255.
[    0.000000] NR_IRQS:16640 nr_irqs:744 16
[    0.000000] Console: colour dummy device 80x25
[    0.000000] console [tty0] enabled
[    0.000000] allocated 25165824 bytes of page_cgroup
[    0.000000] please try 'cgroup_disable=memory' option if you don't want memory cgroups
[    0.000000] hpet clockevent registered
[    0.000000] tsc: Fast TSC calibration using PIT
[    0.004000] tsc: Detected 2594.073 MHz processor
[    0.000002] Calibrating delay loop (skipped), value calculated using timer frequency.. 5188.14 BogoMIPS (lpj=10376292)
[    0.000005] pid_max: default: 32768 minimum: 301
[    0.000016] init_memory_mapping: [mem 0xaebbf000-0xaed33fff]
[    0.000018]  [mem 0xaebbf000-0xaed33fff] page 4k
[    0.000033] init_memory_mapping: [mem 0xaed34000-0xaeeb9fff]
[    0.000034]  [mem 0xaed34000-0xaeeb9fff] page 4k
[    0.000045] init_memory_mapping: [mem 0xaeeba000-0xaefbefff]
[    0.000046]  [mem 0xaeeba000-0xaefbefff] page 4k
[    0.000053] init_memory_mapping: [mem 0xaefbf000-0xaf1befff]
[    0.000054]  [mem 0xaefbf000-0xaf1befff] page 4k
[    0.015189] Security Framework initialized
[    0.015207] AppArmor: AppArmor initialized
[    0.015208] Yama: becoming mindful.
[    0.015640] Dentry cache hash table entries: 1048576 (order: 11, 8388608 bytes)
[    0.017506] Inode-cache hash table entries: 524288 (order: 10, 4194304 bytes)
[    0.018332] Mount-cache hash table entries: 256
[    0.018485] Initializing cgroup subsys memory
[    0.018492] Initializing cgroup subsys devices
[    0.018493] Initializing cgroup subsys freezer
[    0.018495] Initializing cgroup subsys blkio
[    0.018496] Initializing cgroup subsys perf_event
[    0.018498] Initializing cgroup subsys hugetlb
[    0.018516] CPU: Physical Processor ID: 0
[    0.018517] CPU: Processor Core ID: 0
[    0.018521] ENERGY_PERF_BIAS: Set to 'normal', was 'performance'
[    0.018521] ENERGY_PERF_BIAS: View and update with x86_energy_perf_policy(8)
[    0.018866] mce: CPU supports 7 MCE banks
[    0.018875] CPU0: Thermal monitoring enabled (TM1)
[    0.018884] Last level iTLB entries: 4KB 512, 2MB 0, 4MB 0
[    0.018884] Last level dTLB entries: 4KB 512, 2MB 32, 4MB 32
[    0.018884] tlb_flushall_shift: 2
[    0.019000] Freeing SMP alternatives memory: 28K (ffffffff81e66000 - ffffffff81e6d000)
[    0.020947] ACPI: Core revision 20130517
[    0.029426] ACPI: All ACPI Tables successfully acquired
[    0.041412] ftrace: allocating 27861 entries in 109 pages
[    0.054009] ..TIMER: vector=0x30 apic1=0 pin1=2 apic2=-1 pin2=-1
[    0.093719] smpboot: CPU0: Intel(R) Core(TM) i5-3230M CPU @ 2.60GHz (fam: 06, model: 3a, stepping: 09)
[    0.093727] TSC deadline timer enabled
[    0.093737] Performance Events: PEBS fmt1+, 16-deep LBR, IvyBridge events, full-width counters, Intel PMU driver.
[    0.093743] ... version:                3
[    0.093744] ... bit width:              48
[    0.093745] ... generic registers:      4
[    0.093746] ... value mask:             0000ffffffffffff
[    0.093746] ... max period:             0000ffffffffffff
[    0.093747] ... fixed-purpose events:   3
[    0.093748] ... event mask:             000000070000000f
[    0.108630] NMI watchdog: enabled on all CPUs, permanently consumes one hw-PMU counter.
[    0.095116] smpboot: Booting Node   0, Processors  #1 #2 #3
[    0.135477] Brought up 4 CPUs
[    0.135480] smpboot: Total of 4 processors activated (20752.58 BogoMIPS)
[    0.138461] devtmpfs: initialized
[    0.139267] EVM: security.selinux
[    0.139268] EVM: security.SMACK64
[    0.139269] EVM: security.capability
[    0.139310] PM: Registering ACPI NVS region [mem 0xa916e000-0xa9d76fff] (12619776 bytes)
[    0.139448] PM: Registering ACPI NVS region [mem 0xa9d9a000-0xa9d9efff] (20480 bytes)
[    0.139450] PM: Registering ACPI NVS region [mem 0xaf6bf000-0xaf7befff] (1048576 bytes)
[    0.140130] regulator-dummy: no parameters
[    0.140159] RTC time: 12:39:57, date: 04/30/14
[    0.140186] NET: Registered protocol family 16
[    0.140296] ACPI FADT declares the system doesn't support PCIe ASPM, so disable it
[    0.140298] ACPI: bus type PCI registered
[    0.140300] acpiphp: ACPI Hot Plug PCI Controller Driver version: 0.5
[    0.140348] PCI: MMCONFIG for domain 0000 [bus 00-3f] at [mem 0xf0000000-0xf3ffffff] (base 0xf0000000)
[    0.140351] PCI: MMCONFIG at [mem 0xf0000000-0xf3ffffff] reserved in E820
[    0.145966] PCI: Using configuration type 1 for base access
[    0.146677] bio: create slab <bio-0> at 0
[    0.146796] ACPI: Added _OSI(Module Device)
[    0.146798] ACPI: Added _OSI(Processor Device)
[    0.146799] ACPI: Added _OSI(3.0 _SCP Extensions)
[    0.146800] ACPI: Added _OSI(Processor Aggregator Device)
[    0.148610] ACPI: EC: EC description table is found, configuring boot EC
[    0.150512] ACPI: Executed 1 blocks of module-level executable AML code
[    0.153450] [Firmware Bug]: ACPI: BIOS _OSI(Linux) query ignored
[    0.763371] ACPI: SSDT 00000000af617018 0083B (v01  PmRef  Cpu0Cst 00003001 INTL 20120111)
[    0.763826] ACPI: Dynamic OEM Table Load:
[    0.763828] ACPI: SSDT           (null) 0083B (v01  PmRef  Cpu0Cst 00003001 INTL 20120111)
[    0.766967] ACPI: SSDT 00000000af618a98 00303 (v01  PmRef    ApIst 00003000 INTL 20120111)
[    0.767444] ACPI: Dynamic OEM Table Load:
[    0.767445] ACPI: SSDT           (null) 00303 (v01  PmRef    ApIst 00003000 INTL 20120111)
[    0.770854] ACPI: SSDT 00000000af616d98 00119 (v01  PmRef    ApCst 00003000 INTL 20120111)
[    0.771306] ACPI: Dynamic OEM Table Load:
[    0.771307] ACPI: SSDT           (null) 00119 (v01  PmRef    ApCst 00003000 INTL 20120111)
[    0.775285] ACPI: Interpreter enabled
[    0.775292] ACPI Exception: AE_NOT_FOUND, While evaluating Sleep State [\_S1_] (20130517/hwxface-571)
[    0.775296] ACPI Exception: AE_NOT_FOUND, While evaluating Sleep State [\_S2_] (20130517/hwxface-571)
[    0.775311] ACPI: (supports S0 S3 S4 S5)
[    0.775313] ACPI: Using IOAPIC for interrupt routing
[    0.775335] PCI: Using host bridge windows from ACPI; if necessary, use "pci=nocrs" and report a bug
[    0.775598] ACPI: ACPI Dock Station Driver: 1 docks/bays found
[    0.793927] ACPI: PCI Root Bridge [PCI0] (domain 0000 [bus 00-3e])
[    0.794031] \_SB_.PCI0:_OSC evaluation returned wrong type
[    0.794032] _OSC request data:1 8 0 
[    0.794079] \_SB_.PCI0:_OSC evaluation returned wrong type
[    0.794080] _OSC request data:1 1f 0 
[    0.794083] acpi PNP0A08:00: ACPI _OSC support notification failed, disabling PCIe ASPM
[    0.794084] acpi PNP0A08:00: Unable to request _OSC control (_OSC support mask: 0x08)
[    0.794411] acpiphp_glue: can't evaluate _ADR (0x5)
[    0.794436] PCI host bridge to bus 0000:00
[    0.794438] pci_bus 0000:00: root bus resource [bus 00-3e]
[    0.794439] pci_bus 0000:00: root bus resource [io  0x0000-0x0cf7]
[    0.794441] pci_bus 0000:00: root bus resource [io  0x0d00-0xffff]
[    0.794442] pci_bus 0000:00: root bus resource [mem 0x000a0000-0x000bffff]
[    0.794444] pci_bus 0000:00: root bus resource [mem 0x000c0000-0x000c3fff]
[    0.794445] pci_bus 0000:00: root bus resource [mem 0x000c4000-0x000c7fff]
[    0.794446] pci_bus 0000:00: root bus resource [mem 0x000c8000-0x000cbfff]
[    0.794448] pci_bus 0000:00: root bus resource [mem 0x000cc000-0x000cffff]
[    0.794449] pci_bus 0000:00: root bus resource [mem 0x000d0000-0x000d3fff]
[    0.794450] pci_bus 0000:00: root bus resource [mem 0x000d4000-0x000d7fff]
[    0.794452] pci_bus 0000:00: root bus resource [mem 0x000d8000-0x000dbfff]
[    0.794453] pci_bus 0000:00: root bus resource [mem 0x000dc000-0x000dffff]
[    0.794454] pci_bus 0000:00: root bus resource [mem 0x000e0000-0x000e3fff]
[    0.794456] pci_bus 0000:00: root bus resource [mem 0x000e4000-0x000e7fff]
[    0.794457] pci_bus 0000:00: root bus resource [mem 0x000e8000-0x000ebfff]
[    0.794458] pci_bus 0000:00: root bus resource [mem 0x000ec000-0x000effff]
[    0.794460] pci_bus 0000:00: root bus resource [mem 0x000f0000-0x000fffff]
[    0.794461] pci_bus 0000:00: root bus resource [mem 0xb0000000-0xfeafffff]
[    0.794468] pci 0000:00:00.0: [8086:0154] type 00 class 0x060000
[    0.794542] pci 0000:00:01.0: [8086:0151] type 01 class 0x060400
[    0.794570] pci 0000:00:01.0: PME# supported from D0 D3hot D3cold
[    0.794605] pci 0000:00:01.0: System wakeup disabled by ACPI
[    0.794656] pci 0000:00:14.0: [8086:1e31] type 00 class 0x0c0330
[    0.794680] pci 0000:00:14.0: reg 0x10: [mem 0xc3100000-0xc310ffff 64bit]
[    0.794750] pci 0000:00:14.0: PME# supported from D3hot D3cold
[    0.798786] pci 0000:00:14.0: System wakeup disabled by ACPI
[    0.798848] pci 0000:00:16.0: [8086:1e3a] type 00 class 0x078000
[    0.798873] pci 0000:00:16.0: reg 0x10: [mem 0xc3114000-0xc311400f 64bit]
[    0.798949] pci 0000:00:16.0: PME# supported from D0 D3hot D3cold
[    0.799027] pci 0000:00:1a.0: [8086:1e2d] type 00 class 0x0c0320
[    0.799048] pci 0000:00:1a.0: reg 0x10: [mem 0xc3119000-0xc31193ff]
[    0.799138] pci 0000:00:1a.0: PME# supported from D0 D3hot D3cold
[    0.802788] pci 0000:00:1a.0: System wakeup disabled by ACPI
[    0.802851] pci 0000:00:1b.0: [8086:1e20] type 00 class 0x040300
[    0.802868] pci 0000:00:1b.0: reg 0x10: [mem 0xc3110000-0xc3113fff 64bit]
[    0.802936] pci 0000:00:1b.0: PME# supported from D0 D3hot D3cold
[    0.802980] pci 0000:00:1b.0: System wakeup disabled by ACPI
[    0.803011] pci 0000:00:1c.0: [8086:1e10] type 01 class 0x060400
[    0.803089] pci 0000:00:1c.0: PME# supported from D0 D3hot D3cold
[    0.803132] pci 0000:00:1c.0: System wakeup disabled by ACPI
[    0.803159] pci 0000:00:1c.1: [8086:1e12] type 01 class 0x060400
[    0.803236] pci 0000:00:1c.1: PME# supported from D0 D3hot D3cold
[    0.803279] pci 0000:00:1c.1: System wakeup disabled by ACPI
[    0.803305] pci 0000:00:1c.2: [8086:1e14] type 01 class 0x060400
[    0.803382] pci 0000:00:1c.2: PME# supported from D0 D3hot D3cold
[    0.803425] pci 0000:00:1c.2: System wakeup disabled by ACPI
[    0.803459] pci 0000:00:1d.0: [8086:1e26] type 00 class 0x0c0320
[    0.803482] pci 0000:00:1d.0: reg 0x10: [mem 0xc3118000-0xc31183ff]
[    0.803571] pci 0000:00:1d.0: PME# supported from D0 D3hot D3cold
[    0.806792] pci 0000:00:1d.0: System wakeup disabled by ACPI
[    0.806853] pci 0000:00:1f.0: [8086:1e59] type 00 class 0x060100
[    0.807020] pci 0000:00:1f.2: [8086:1e03] type 00 class 0x010601
[    0.807038] pci 0000:00:1f.2: reg 0x10: [io  0x4048-0x404f]
[    0.807046] pci 0000:00:1f.2: reg 0x14: [io  0x4054-0x4057]
[    0.807054] pci 0000:00:1f.2: reg 0x18: [io  0x4040-0x4047]
[    0.807062] pci 0000:00:1f.2: reg 0x1c: [io  0x4050-0x4053]
[    0.807071] pci 0000:00:1f.2: reg 0x20: [io  0x4020-0x403f]
[    0.807079] pci 0000:00:1f.2: reg 0x24: [mem 0xc3117000-0xc31177ff]
[    0.807123] pci 0000:00:1f.2: PME# supported from D3hot
[    0.807183] pci 0000:00:1f.3: [8086:1e22] type 00 class 0x0c0500
[    0.807200] pci 0000:00:1f.3: reg 0x10: [mem 0xc3115000-0xc31150ff 64bit]
[    0.807221] pci 0000:00:1f.3: reg 0x20: [io  0x4000-0x401f]
[    0.807329] pci 0000:01:00.0: [1002:6840] type 00 class 0x030000
[    0.807341] pci 0000:01:00.0: reg 0x10: [mem 0xb0000000-0xbfffffff 64bit pref]
[    0.807351] pci 0000:01:00.0: reg 0x18: [mem 0xc2000000-0xc201ffff 64bit]
[    0.807357] pci 0000:01:00.0: reg 0x20: [io  0x3000-0x30ff]
[    0.807369] pci 0000:01:00.0: reg 0x30: [mem 0xfffe0000-0xffffffff pref]
[    0.807396] pci 0000:01:00.0: supports D1 D2
[    0.807431] pci 0000:01:00.1: [1002:aa90] type 00 class 0x040300
[    0.807443] pci 0000:01:00.1: reg 0x10: [mem 0xc2020000-0xc2023fff 64bit]
[    0.807492] pci 0000:01:00.1: supports D1 D2
[    0.815024] pci 0000:00:01.0: PCI bridge to [bus 01-06]
[    0.815030] pci 0000:00:01.0:   bridge window [io  0x3000-0x3fff]
[    0.815034] pci 0000:00:01.0:   bridge window [mem 0xc2000000-0xc2ffffff]
[    0.815041] pci 0000:00:01.0:   bridge window [mem 0xb0000000-0xbfffffff 64bit pref]
[    0.815116] pci 0000:00:1c.0: PCI bridge to [bus 07]
[    0.815213] pci 0000:08:00.0: [168c:0032] type 00 class 0x028000
[    0.815255] pci 0000:08:00.0: reg 0x10: [mem 0xc3000000-0xc307ffff 64bit]
[    0.815343] pci 0000:08:00.0: reg 0x30: [mem 0xffff0000-0xffffffff pref]
[    0.815441] pci 0000:08:00.0: supports D1 D2
[    0.815442] pci 0000:08:00.0: PME# supported from D0 D1 D2 D3hot D3cold
[    0.815496] pci 0000:08:00.0: System wakeup disabled by ACPI
[    0.823047] pci 0000:00:1c.1: PCI bridge to [bus 08]
[    0.823059] pci 0000:00:1c.1:   bridge window [mem 0xc3000000-0xc30fffff]
[    0.823154] pci 0000:09:00.0: [10ec:8168] type 00 class 0x020000
[    0.823174] pci 0000:09:00.0: reg 0x10: [io  0x2000-0x20ff]
[    0.823208] pci 0000:09:00.0: reg 0x18: [mem 0xc0004000-0xc0004fff 64bit pref]
[    0.823229] pci 0000:09:00.0: reg 0x20: [mem 0xc0000000-0xc0003fff 64bit pref]
[    0.823320] pci 0000:09:00.0: supports D1 D2
[    0.823322] pci 0000:09:00.0: PME# supported from D0 D1 D2 D3hot D3cold
[    0.823366] pci 0000:09:00.0: System wakeup disabled by ACPI
[    0.831050] pci 0000:00:1c.2: PCI bridge to [bus 09-0e]
[    0.831057] pci 0000:00:1c.2:   bridge window [io  0x2000-0x2fff]
[    0.831065] pci 0000:00:1c.2:   bridge window [mem 0xc1000000-0xc1ffffff]
[    0.831083] pci 0000:00:1c.2:   bridge window [mem 0xc0000000-0xc0ffffff 64bit pref]
[    0.831599] ACPI: PCI Interrupt Link [LNKA] (IRQs 1 3 4 5 6 10 11 12 14 15) *0, disabled.
[    0.831648] ACPI: PCI Interrupt Link [LNKB] (IRQs 1 3 4 5 6 10 11 12 14 15) *0, disabled.
[    0.831690] ACPI: PCI Interrupt Link [LNKC] (IRQs 1 3 4 5 6 10 11 12 14 15) *0, disabled.
[    0.831734] ACPI: PCI Interrupt Link [LNKD] (IRQs 1 3 4 5 6 10 11 12 14 15) *0, disabled.
[    0.831777] ACPI: PCI Interrupt Link [LNKE] (IRQs 1 3 4 5 6 10 11 12 14 15) *0, disabled.
[    0.831820] ACPI: PCI Interrupt Link [LNKF] (IRQs 1 3 4 5 6 10 11 12 14 15) *0, disabled.
[    0.831863] ACPI: PCI Interrupt Link [LNKG] (IRQs 1 3 4 5 6 10 11 12 14 15) *0, disabled.
[    0.831905] ACPI: PCI Interrupt Link [LNKH] (IRQs 1 3 4 5 6 10 11 12 14 15) *0, disabled.
[    0.832273] ACPI: Enabled 5 GPEs in block 00 to 3F
[    0.832279] ACPI: \_SB_.PCI0: notify handler is installed
[    0.832334] Found 1 acpi root devices
[    0.832472] ACPI: EC: GPE = 0x1b, I/O: command/status = 0x66, data = 0x62
[    0.832550] vgaarb: device added: PCI:0000:01:00.0,decodes=io+mem,owns=none,locks=none
[    0.832551] vgaarb: loaded
[    0.832552] vgaarb: bridge control possible 0000:01:00.0
[    0.832670] SCSI subsystem initialized
[    0.832671] ACPI: bus type ATA registered
[    0.832711] libata version 3.00 loaded.
[    0.832724] ACPI: bus type USB registered
[    0.832735] usbcore: registered new interface driver usbfs
[    0.832740] usbcore: registered new interface driver hub
[    0.832757] usbcore: registered new device driver usb
[    0.832841] PCI: Using ACPI for IRQ routing
[    0.834444] PCI: pci_cache_line_size set to 64 bytes
[    0.834504] e820: reserve RAM buffer [mem 0x00088000-0x0008ffff]
[    0.834506] e820: reserve RAM buffer [mem 0xa916e000-0xabffffff]
[    0.834507] e820: reserve RAM buffer [mem 0xa9d9a000-0xabffffff]
[    0.834508] e820: reserve RAM buffer [mem 0xaebbf000-0xafffffff]
[    0.834509] e820: reserve RAM buffer [mem 0xaf800000-0xafffffff]
[    0.834511] e820: reserve RAM buffer [mem 0x1cf000000-0x1cfffffff]
[    0.834575] NetLabel: Initializing
[    0.834576] NetLabel:  domain hash size = 128
[    0.834576] NetLabel:  protocols = UNLABELED CIPSOv4
[    0.834585] NetLabel:  unlabeled traffic allowed by default
[    0.834633] hpet0: at MMIO 0xfed00000, IRQs 2, 8, 0, 0, 0, 0, 0, 0
[    0.834637] hpet0: 8 comparators, 64-bit 14.318180 MHz counter
[    0.836662] Switched to clocksource hpet
[    0.840445] AppArmor: AppArmor Filesystem Enabled
[    0.840464] pnp: PnP ACPI init
[    0.840474] ACPI: bus type PNP registered
[    0.840511] pnp 00:00: [dma 4]
[    0.840529] pnp 00:00: Plug and Play ACPI device, IDs PNP0200 (active)
[    0.840545] pnp 00:01: Plug and Play ACPI device, IDs INT0800 (active)
[    0.840647] pnp 00:02: Plug and Play ACPI device, IDs PNP0103 (active)
[    0.840679] pnp 00:03: Plug and Play ACPI device, IDs PNP0c04 (active)
[    0.840713] system 00:04: [io  0x025c-0x025d] has been reserved
[    0.840715] system 00:04: [io  0x0680-0x069f] has been reserved
[    0.840716] system 00:04: [io  0x1000-0x100f] has been reserved
[    0.840718] system 00:04: [io  0xffff] has been reserved
[    0.840720] system 00:04: [io  0xffff] has been reserved
[    0.840721] system 00:04: [io  0x0400-0x0453] could not be reserved
[    0.840723] system 00:04: [io  0x0458-0x047f] has been reserved
[    0.840724] system 00:04: [io  0x0500-0x057f] has been reserved
[    0.840726] system 00:04: [io  0x164e-0x164f] has been reserved
[    0.840728] system 00:04: Plug and Play ACPI device, IDs PNP0c02 (active)
[    0.840747] pnp 00:05: Plug and Play ACPI device, IDs PNP0b00 (active)
[    0.840785] system 00:06: [io  0x0454-0x0457] has been reserved
[    0.840787] system 00:06: Plug and Play ACPI device, IDs INT3f0d PNP0c02 (active)
[    0.840811] pnp 00:07: Plug and Play ACPI device, IDs TOS1103 PNPc030 PNP0303 (active)
[    0.840834] pnp 00:08: Plug and Play ACPI device, IDs TOS0310 TOS0220 TTP0100 PNP0f03 (active)
[    0.840981] system 00:09: [mem 0xfed1c000-0xfed1ffff] has been reserved
[    0.840983] system 00:09: [mem 0xfed10000-0xfed17fff] has been reserved
[    0.840985] system 00:09: [mem 0xfed18000-0xfed18fff] has been reserved
[    0.840986] system 00:09: [mem 0xfed19000-0xfed19fff] has been reserved
[    0.840988] system 00:09: [mem 0xf0000000-0xf3ffffff] has been reserved
[    0.840989] system 00:09: [mem 0xfed20000-0xfed3ffff] has been reserved
[    0.840993] system 00:09: [mem 0xfed90000-0xfed93fff] has been reserved
[    0.840994] system 00:09: [mem 0xff000000-0xffffffff] could not be reserved
[    0.840996] system 00:09: [mem 0xfee00000-0xfeefffff] could not be reserved
[    0.840998] system 00:09: [mem 0xc3200000-0xc3200fff] has been reserved
[    0.841000] system 00:09: Plug and Play ACPI device, IDs PNP0c02 (active)
[    0.841209] system 00:0a: [mem 0x20000000-0x201fffff] could not be reserved
[    0.841210] system 00:0a: [mem 0x40004000-0x40004fff] could not be reserved
[    0.841212] system 00:0a: Plug and Play ACPI device, IDs PNP0c01 (active)
[    0.841257] pnp: PnP ACPI: found 11 devices
[    0.841258] ACPI: bus type PNP unregistered
[    0.847269] pci 0000:01:00.0: no compatible bridge window for [mem 0xfffe0000-0xffffffff pref]
[    0.847272] pci 0000:08:00.0: no compatible bridge window for [mem 0xffff0000-0xffffffff pref]
[    0.847309] pci 0000:00:1c.1: BAR 15: assigned [mem 0xc3300000-0xc33fffff pref]
[    0.847312] pci 0000:01:00.0: BAR 6: assigned [mem 0xc2040000-0xc205ffff pref]
[    0.847314] pci 0000:00:01.0: PCI bridge to [bus 01-06]
[    0.847316] pci 0000:00:01.0:   bridge window [io  0x3000-0x3fff]
[    0.847318] pci 0000:00:01.0:   bridge window [mem 0xc2000000-0xc2ffffff]
[    0.847321] pci 0000:00:01.0:   bridge window [mem 0xb0000000-0xbfffffff 64bit pref]
[    0.847324] pci 0000:00:1c.0: PCI bridge to [bus 07]
[    0.847335] pci 0000:08:00.0: BAR 6: assigned [mem 0xc3300000-0xc330ffff pref]
[    0.847337] pci 0000:00:1c.1: PCI bridge to [bus 08]
[    0.847342] pci 0000:00:1c.1:   bridge window [mem 0xc3000000-0xc30fffff]
[    0.847346] pci 0000:00:1c.1:   bridge window [mem 0xc3300000-0xc33fffff pref]
[    0.847353] pci 0000:00:1c.2: PCI bridge to [bus 09-0e]
[    0.847355] pci 0000:00:1c.2:   bridge window [io  0x2000-0x2fff]
[    0.847360] pci 0000:00:1c.2:   bridge window [mem 0xc1000000-0xc1ffffff]
[    0.847364] pci 0000:00:1c.2:   bridge window [mem 0xc0000000-0xc0ffffff 64bit pref]
[    0.847619] pci_bus 0000:00: resource 4 [io  0x0000-0x0cf7]
[    0.847620] pci_bus 0000:00: resource 5 [io  0x0d00-0xffff]
[    0.847622] pci_bus 0000:00: resource 6 [mem 0x000a0000-0x000bffff]
[    0.847624] pci_bus 0000:00: resource 7 [mem 0x000c0000-0x000c3fff]
[    0.847625] pci_bus 0000:00: resource 8 [mem 0x000c4000-0x000c7fff]
[    0.847626] pci_bus 0000:00: resource 9 [mem 0x000c8000-0x000cbfff]
[    0.847628] pci_bus 0000:00: resource 10 [mem 0x000cc000-0x000cffff]
[    0.847629] pci_bus 0000:00: resource 11 [mem 0x000d0000-0x000d3fff]
[    0.847631] pci_bus 0000:00: resource 12 [mem 0x000d4000-0x000d7fff]
[    0.847632] pci_bus 0000:00: resource 13 [mem 0x000d8000-0x000dbfff]
[    0.847633] pci_bus 0000:00: resource 14 [mem 0x000dc000-0x000dffff]
[    0.847635] pci_bus 0000:00: resource 15 [mem 0x000e0000-0x000e3fff]
[    0.847636] pci_bus 0000:00: resource 16 [mem 0x000e4000-0x000e7fff]
[    0.847638] pci_bus 0000:00: resource 17 [mem 0x000e8000-0x000ebfff]
[    0.847639] pci_bus 0000:00: resource 18 [mem 0x000ec000-0x000effff]
[    0.847640] pci_bus 0000:00: resource 19 [mem 0x000f0000-0x000fffff]
[    0.847642] pci_bus 0000:00: resource 20 [mem 0xb0000000-0xfeafffff]
[    0.847643] pci_bus 0000:01: resource 0 [io  0x3000-0x3fff]
[    0.847645] pci_bus 0000:01: resource 1 [mem 0xc2000000-0xc2ffffff]
[    0.847646] pci_bus 0000:01: resource 2 [mem 0xb0000000-0xbfffffff 64bit pref]
[    0.847648] pci_bus 0000:08: resource 1 [mem 0xc3000000-0xc30fffff]
[    0.847650] pci_bus 0000:08: resource 2 [mem 0xc3300000-0xc33fffff pref]
[    0.847651] pci_bus 0000:09: resource 0 [io  0x2000-0x2fff]
[    0.847653] pci_bus 0000:09: resource 1 [mem 0xc1000000-0xc1ffffff]
[    0.847654] pci_bus 0000:09: resource 2 [mem 0xc0000000-0xc0ffffff 64bit pref]
[    0.847679] NET: Registered protocol family 2
[    0.847848] TCP established hash table entries: 65536 (order: 8, 1048576 bytes)
[    0.848009] TCP bind hash table entries: 65536 (order: 8, 1048576 bytes)
[    0.848117] TCP: Hash tables configured (established 65536 bind 65536)
[    0.848132] TCP: reno registered
[    0.848143] UDP hash table entries: 4096 (order: 5, 131072 bytes)
[    0.848167] UDP-Lite hash table entries: 4096 (order: 5, 131072 bytes)
[    0.848227] NET: Registered protocol family 1
[    1.233045] PCI: CLS 64 bytes, default 64
[    1.233087] Trying to unpack rootfs image as initramfs...
[    1.474477] Freeing initrd memory: 17032K (ffff880035eac000 - ffff880036f4e000)
[    1.474481] PCI-DMA: Using software bounce buffering for IO (SWIOTLB)
[    1.474483] software IO TLB [mem 0xa2dc0000-0xa6dc0000] (64MB) mapped at [ffff8800a2dc0000-ffff8800a6dbffff]
[    1.474513] Simple Boot Flag at 0x44 set to 0x1
[    1.474656] Scanning for low memory corruption every 60 seconds
[    1.474884] Initialise module verification
[    1.474917] audit: initializing netlink socket (disabled)
[    1.474925] type=2000 audit(1398861598.464:1): initialized
[    1.498503] bounce pool size: 64 pages
[    1.498511] HugeTLB registered 2 MB page size, pre-allocated 0 pages
[    1.499402] zbud: loaded
[    1.499513] VFS: Disk quotas dquot_6.5.2
[    1.499543] Dquot-cache hash table entries: 512 (order 0, 4096 bytes)
[    1.499912] fuse init (API version 7.22)
[    1.499968] msgmni has been set to 11835
[    1.500431] Key type asymmetric registered
[    1.500433] Asymmetric key parser 'x509' registered
[    1.500457] Block layer SCSI generic (bsg) driver version 0.4 loaded (major 252)
[    1.500496] io scheduler noop registered
[    1.500498] io scheduler deadline registered (default)
[    1.500515] io scheduler cfq registered
[    1.500580] pcieport 0000:00:01.0: irq 40 for MSI/MSI-X
[    1.500733] pci_hotplug: PCI Hot Plug PCI Core version: 0.5
[    1.500743] pciehp: PCI Express Hot Plug Controller Driver version: 0.4
[    1.500796] efifb: probing for efifb
[    1.500991] efifb: framebuffer at 0xb0000000, mapped to 0xffffc90009400000, using 1920k, total 1920k
[    1.500992] efifb: mode is 800x600x32, linelength=3200, pages=1
[    1.500993] efifb: scrolling: redraw
[    1.500994] efifb: Truecolor: size=8:8:8:8, shift=24:16:8:0
[    1.502070] Console: switching to colour frame buffer device 100x37
[    1.503063] fb0: EFI VGA frame buffer device
[    1.503067] intel_idle: MWAIT substates: 0x21120
[    1.503069] intel_idle: v0.4 model 0x3A
[    1.503069] intel_idle: lapic_timer_reliable_states 0xffffffff
[    1.503203] ACPI: AC Adapter [AC0] (on-line)
[    1.503320] input: Power Button as /devices/LNXSYSTM:00/device:00/PNP0A08:00/PNP0C0C:00/input/input0
[    1.503323] ACPI: Power Button [PWRB]
[    1.503348] input: Lid Switch as /devices/LNXSYSTM:00/device:00/PNP0C0D:00/input/input1
[    1.505144] ACPI: Lid Switch [LID]
[    1.505176] input: Power Button as /devices/LNXSYSTM:00/LNXPWRBN:00/input/input2
[    1.505180] ACPI: Power Button [PWRF]
[    1.505191] ACPI: \_SB_.PCI0: Bus check notify on _handle_hotplug_event_root
[    1.505291] ACPI: Requesting acpi_cpufreq
[    1.505412] ACPI: duty_cycle spans bit 4
[    1.505431] ACPI: duty_cycle spans bit 4
[    1.505443] ACPI: duty_cycle spans bit 4
[    1.505455] ACPI: duty_cycle spans bit 4
[    1.506236] thermal LNXTHERM:00: registered as thermal_zone0
[    1.506237] ACPI: Thermal Zone [THRM] (56 C)
[    1.506259] GHES: HEST is not enabled!
[    1.506317] Serial: 8250/16550 driver, 32 ports, IRQ sharing enabled
[    1.506337] ACPI: Battery Slot [BAT0] (battery absent)
[    1.507476] Linux agpgart interface v0.103
[    1.508373] brd: module loaded
[    1.508824] loop: module loaded
[    1.509055] libphy: Fixed MDIO Bus: probed
[    1.509130] tun: Universal TUN/TAP device driver, 1.6
[    1.509131] tun: (C) 1999-2004 Max Krasnyansky <maxk@qualcomm.com>
[    1.509162] PPP generic driver version 2.4.2
[    1.509192] ehci_hcd: USB 2.0 'Enhanced' Host Controller (EHCI) Driver
[    1.509194] ehci-pci: EHCI PCI platform driver
[    1.509288] ehci-pci 0000:00:1a.0: setting latency timer to 64
[    1.509295] ehci-pci 0000:00:1a.0: EHCI Host Controller
[    1.509299] ehci-pci 0000:00:1a.0: new USB bus registered, assigned bus number 1
[    1.509311] ehci-pci 0000:00:1a.0: debug port 2
[    1.513225] ehci-pci 0000:00:1a.0: cache line size of 64 is not supported
[    1.513240] ehci-pci 0000:00:1a.0: irq 16, io mem 0xc3119000
[    1.525125] ehci-pci 0000:00:1a.0: USB 2.0 started, EHCI 1.00
[    1.525138] usb usb1: New USB device found, idVendor=1d6b, idProduct=0002
[    1.525140] usb usb1: New USB device strings: Mfr=3, Product=2, SerialNumber=1
[    1.525141] usb usb1: Product: EHCI Host Controller
[    1.525143] usb usb1: Manufacturer: Linux 3.11.0-20-generic ehci_hcd
[    1.525144] usb usb1: SerialNumber: 0000:00:1a.0
[    1.525215] hub 1-0:1.0: USB hub found
[    1.525219] hub 1-0:1.0: 2 ports detected
[    1.525367] ehci-pci 0000:00:1d.0: setting latency timer to 64
[    1.525372] ehci-pci 0000:00:1d.0: EHCI Host Controller
[    1.525376] ehci-pci 0000:00:1d.0: new USB bus registered, assigned bus number 2
[    1.525387] ehci-pci 0000:00:1d.0: debug port 2
[    1.529287] ehci-pci 0000:00:1d.0: cache line size of 64 is not supported
[    1.529299] ehci-pci 0000:00:1d.0: irq 23, io mem 0xc3118000
[    1.541136] ehci-pci 0000:00:1d.0: USB 2.0 started, EHCI 1.00
[    1.541145] usb usb2: New USB device found, idVendor=1d6b, idProduct=0002
[    1.541146] usb usb2: New USB device strings: Mfr=3, Product=2, SerialNumber=1
[    1.541147] usb usb2: Product: EHCI Host Controller
[    1.541149] usb usb2: Manufacturer: Linux 3.11.0-20-generic ehci_hcd
[    1.541150] usb usb2: SerialNumber: 0000:00:1d.0
[    1.541221] hub 2-0:1.0: USB hub found
[    1.541223] hub 2-0:1.0: 2 ports detected
[    1.541299] ehci-platform: EHCI generic platform driver
[    1.541305] ohci_hcd: USB 1.1 'Open' Host Controller (OHCI) Driver
[    1.541307] ohci-pci: OHCI PCI platform driver
[    1.541312] ohci-platform: OHCI generic platform driver
[    1.541317] uhci_hcd: USB Universal Host Controller Interface driver
[    1.541408] xhci_hcd 0000:00:14.0: setting latency timer to 64
[    1.541412] xhci_hcd 0000:00:14.0: xHCI Host Controller
[    1.541415] xhci_hcd 0000:00:14.0: new USB bus registered, assigned bus number 3
[    1.541504] xhci_hcd 0000:00:14.0: cache line size of 64 is not supported
[    1.541523] xhci_hcd 0000:00:14.0: irq 41 for MSI/MSI-X
[    1.541565] usb usb3: New USB device found, idVendor=1d6b, idProduct=0002
[    1.541566] usb usb3: New USB device strings: Mfr=3, Product=2, SerialNumber=1
[    1.541568] usb usb3: Product: xHCI Host Controller
[    1.541569] usb usb3: Manufacturer: Linux 3.11.0-20-generic xhci_hcd
[    1.541570] usb usb3: SerialNumber: 0000:00:14.0
[    1.541619] xHCI xhci_add_endpoint called for root hub
[    1.541621] xHCI xhci_check_bandwidth called for root hub
[    1.541636] hub 3-0:1.0: USB hub found
[    1.541642] hub 3-0:1.0: 4 ports detected
[    1.541886] xhci_hcd 0000:00:14.0: xHCI Host Controller
[    1.541888] xhci_hcd 0000:00:14.0: new USB bus registered, assigned bus number 4
[    1.541905] usb usb4: New USB device found, idVendor=1d6b, idProduct=0003
[    1.541906] usb usb4: New USB device strings: Mfr=3, Product=2, SerialNumber=1
[    1.541907] usb usb4: Product: xHCI Host Controller
[    1.541909] usb usb4: Manufacturer: Linux 3.11.0-20-generic xhci_hcd
[    1.541910] usb usb4: SerialNumber: 0000:00:14.0
[    1.541956] xHCI xhci_add_endpoint called for root hub
[    1.541957] xHCI xhci_check_bandwidth called for root hub
[    1.541971] hub 4-0:1.0: USB hub found
[    1.541977] hub 4-0:1.0: 4 ports detected
[    1.549179] i8042: PNP: PS/2 Controller [PNP0303:PS2K,PNP0f03:PS2M] at 0x60,0x64 irq 1,12
[    1.551002] i8042: Detected active multiplexing controller, rev 1.1
[    1.553107] serio: i8042 KBD port at 0x60,0x64 irq 1
[    1.553111] serio: i8042 AUX0 port at 0x60,0x64 irq 12
[    1.553128] serio: i8042 AUX1 port at 0x60,0x64 irq 12
[    1.553151] serio: i8042 AUX2 port at 0x60,0x64 irq 12
[    1.553168] serio: i8042 AUX3 port at 0x60,0x64 irq 12
[    1.553246] mousedev: PS/2 mouse device common for all mice
[    1.553366] rtc_cmos 00:05: RTC can wake from S4
[    1.553475] rtc_cmos 00:05: rtc core: registered rtc_cmos as rtc0
[    1.553502] rtc_cmos 00:05: alarms up to one month, 242 bytes nvram, hpet irqs
[    1.553546] device-mapper: uevent: version 1.0.3
[    1.553591] device-mapper: ioctl: 4.25.0-ioctl (2013-06-26) initialised: dm-devel@redhat.com
[    1.553653] cpuidle: using governor ladder
[    1.553738] cpuidle: using governor menu
[    1.553746] ledtrig-cpu: registered to indicate activity on CPUs
[    1.553748] EFI Variables Facility v0.08 2004-May-17
[    1.585885] TCP: cubic registered
[    1.585950] NET: Registered protocol family 10
[    1.586099] NET: Registered protocol family 17
[    1.586106] Key type dns_resolver registered
[    1.586376] PM: Hibernation image not present or could not be loaded.
[    1.586379] Loading module verification certificates
[    1.587124] MODSIGN: Loaded cert 'Magrathea: Glacier signing key: 936c8ac030cbe75060cabb4246439ad3579b40ac'
[    1.587133] registered taskstats version 1
[    1.589028] Key type trusted registered
[    1.590527] Key type encrypted registered
[    1.591458] input: AT Translated Set 2 keyboard as /devices/platform/i8042/serio0/input/input3
[    1.592121] AppArmor: AppArmor sha1 policy hashing enabled
[    1.592412]   Magic number: 10:646:684
[    1.592436] mem full: hash matches
[    1.592497] rtc_cmos 00:05: setting system clock to 2014-04-30 12:39:59 UTC (1398861599)
[    1.593126] BIOS EDD facility v0.16 2004-Jun-25, 0 devices found
[    1.593128] EDD information not available.
[    1.593818] Freeing unused kernel memory: 1368K (ffffffff81d10000 - ffffffff81e66000)
[    1.593819] Write protecting the kernel read-only data: 12288k
[    1.595598] Freeing unused kernel memory: 1024K (ffff880002700000 - ffff880002800000)
[    1.596832] Freeing unused kernel memory: 784K (ffff880002b3c000 - ffff880002c00000)
[    1.604901] systemd-udevd[123]: starting version 204
[    1.622900] r8169 Gigabit Ethernet driver 2.3LK-NAPI loaded
[    1.622908] r8169 0000:09:00.0: can't disable ASPM; OS doesn't have ASPM control
[    1.623146] r8169 0000:09:00.0: irq 42 for MSI/MSI-X
[    1.623278] ahci 0000:00:1f.2: version 3.0
[    1.623332] r8169 0000:09:00.0 eth0: RTL8168evl/8111evl at 0xffffc90000036000, 7c:05:07:2c:12:1c, XID 0c900880 IRQ 42
[    1.623336] r8169 0000:09:00.0 eth0: jumbo features [frames: 9200 bytes, tx checksumming: ko]
[    1.623408] ahci 0000:00:1f.2: irq 43 for MSI/MSI-X
[    1.637225] ahci 0000:00:1f.2: AHCI 0001.0300 32 slots 6 ports 6 Gbps 0x5 impl SATA mode
[    1.637230] ahci 0000:00:1f.2: flags: 64bit ncq pm led clo pio slum part ems apst 
[    1.637238] ahci 0000:00:1f.2: setting latency timer to 64
[    1.645670] scsi0 : ahci
[    1.645746] scsi1 : ahci
[    1.645804] scsi2 : ahci
[    1.645861] scsi3 : ahci
[    1.645913] scsi4 : ahci
[    1.645973] scsi5 : ahci
[    1.646016] ata1: SATA max UDMA/133 abar m2048@0xc3117000 port 0xc3117100 irq 43
[    1.646018] ata2: DUMMY
[    1.646020] ata3: SATA max UDMA/133 abar m2048@0xc3117000 port 0xc3117200 irq 43
[    1.646021] ata4: DUMMY
[    1.646022] ata5: DUMMY
[    1.646023] ata6: DUMMY
[    1.837408] usb 1-1: new high-speed USB device number 2 using ehci-pci
[    1.965481] ata3: SATA link up 1.5 Gbps (SStatus 113 SControl 300)
[    1.969530] ata3.00: ATAPI: TSSTcorp CDDVDW SN-208DN, TF01, max UDMA/100
[    1.969837] usb 1-1: New USB device found, idVendor=8087, idProduct=0024
[    1.969840] usb 1-1: New USB device strings: Mfr=0, Product=0, SerialNumber=0
[    1.970124] hub 1-1:1.0: USB hub found
[    1.970209] hub 1-1:1.0: 6 ports detected
[    1.971983] ata3.00: configured for UDMA/100
[    1.973464] ata1: SATA link up 3.0 Gbps (SStatus 123 SControl 300)
[    1.998051] ata1.00: ATA-8: TOSHIBA MQ01ABD075, AX003M, max UDMA/100
[    1.998059] ata1.00: 1465149168 sectors, multi 16: LBA48 NCQ (depth 31/32), AA
[    2.000034] ata1.00: configured for UDMA/100
[    2.000292] scsi 0:0:0:0: Direct-Access     ATA      TOSHIBA MQ01ABD0 AX00 PQ: 0 ANSI: 5
[    2.000510] sd 0:0:0:0: [sda] 1465149168 512-byte logical blocks: (750 GB/698 GiB)
[    2.000513] sd 0:0:0:0: [sda] 4096-byte physical blocks
[    2.000574] sd 0:0:0:0: Attached scsi generic sg0 type 0
[    2.000578] sd 0:0:0:0: [sda] Write Protect is off
[    2.000581] sd 0:0:0:0: [sda] Mode Sense: 00 3a 00 00
[    2.000596] sd 0:0:0:0: [sda] Write cache: enabled, read cache: enabled, doesn't support DPO or FUA
[    2.010903] scsi 2:0:0:0: CD-ROM            TSSTcorp CDDVDW SN-208DN  TF01 PQ: 0 ANSI: 5
[    2.025076] sr0: scsi3-mmc drive: 24x/24x writer dvd-ram cd/rw xa/form2 cdda tray
[    2.025079] cdrom: Uniform CD-ROM driver Revision: 3.20
[    2.025226] sr 2:0:0:0: Attached scsi CD-ROM sr0
[    2.025311] sr 2:0:0:0: Attached scsi generic sg1 type 5
[    2.081525] usb 2-1: new high-speed USB device number 2 using ehci-pci
[    2.128473]  sda: sda1 sda2 sda3 sda4 sda5 sda6 sda7 sda8 sda9 sda10
[    2.129177] sd 0:0:0:0: [sda] Attached SCSI disk
[    2.218037] usb 2-1: New USB device found, idVendor=8087, idProduct=0024
[    2.218045] usb 2-1: New USB device strings: Mfr=0, Product=0, SerialNumber=0
[    2.218445] hub 2-1:1.0: USB hub found
[    2.218625] hub 2-1:1.0: 6 ports detected
[    2.385702] usb 3-1: new low-speed USB device number 2 using xhci_hcd
[    2.405919] usb 3-1: New USB device found, idVendor=046d, idProduct=c06c
[    2.405922] usb 3-1: New USB device strings: Mfr=1, Product=2, SerialNumber=0
[    2.405924] usb 3-1: Product: USB Optical Mouse
[    2.405925] usb 3-1: Manufacturer: Logitech
[    2.406098] usb 3-1: ep 0x81 - rounding interval to 64 microframes, ep desc says 80 microframes
[    2.408894] hidraw: raw HID events driver (C) Jiri Kosina
[    2.411589] usbcore: registered new interface driver usbhid
[    2.411600] usbhid: USB HID core driver
[    2.412677] input: Logitech USB Optical Mouse as /devices/pci0000:00/0000:00:14.0/usb3/3-1/3-1:1.0/input/input4
[    2.412784] hid-generic 0003:046D:C06C.0001: input,hidraw0: USB HID v1.11 Mouse [Logitech USB Optical Mouse] on usb-0000:00:14.0-1/input0
[    2.473745] tsc: Refined TSC clocksource calibration: 2594.107 MHz
[    2.517841] usb 3-3: new full-speed USB device number 3 using xhci_hcd
[    2.535812] usb 3-3: New USB device found, idVendor=0930, idProduct=0219
[    2.535815] usb 3-3: New USB device strings: Mfr=1, Product=2, SerialNumber=3
[    2.535816] usb 3-3: Product: Bluetooth USB Host Controller
[    2.535817] usb 3-3: Manufacturer: Atheros Communications
[    2.535818] usb 3-3: SerialNumber: Alaska Day 2006
[    2.606008] usb 1-1.1: new high-speed USB device number 3 using ehci-pci
[    2.957468] usb 1-1.1: New USB device found, idVendor=0bda, idProduct=0138
[    2.957471] usb 1-1.1: New USB device strings: Mfr=1, Product=2, SerialNumber=3
[    2.957473] usb 1-1.1: Product: USB2.0-CRW
[    2.957474] usb 1-1.1: Manufacturer: Generic
[    2.957475] usb 1-1.1: SerialNumber: 20090516388200000
[    2.964916] usbcore: registered new interface driver usb-storage
[    2.965850] ums-realtek 1-1.1:1.0: USB Mass Storage device detected
[    2.984544] scsi6 : usb-storage 1-1.1:1.0
[    2.984601] usbcore: registered new interface driver ums-realtek
[    3.034322] usb 1-1.3: new high-speed USB device number 4 using ehci-pci
[    3.052430] EXT4-fs (sda9): mounted filesystem with ordered data mode. Opts: (null)
[    3.233659] usb 1-1.3: New USB device found, idVendor=04f2, idProduct=b326
[    3.233667] usb 1-1.3: New USB device strings: Mfr=3, Product=1, SerialNumber=2
[    3.233670] usb 1-1.3: Product: TOSHIBA Web Camera - HD
[    3.233673] usb 1-1.3: Manufacturer: Chicony Electronics Co.,Ltd.
[    3.233676] usb 1-1.3: SerialNumber: 0x0001
[    3.238658] usb 1-1.1: USB disconnect, device number 3
[    3.474614] Switched to clocksource tsc
[    5.661915] Adding 1999868k swap on /dev/sda7.  Priority:-1 extents:1 across:1999868k FS
[    6.236484] IPv6: ADDRCONF(NETDEV_UP): eth0: link is not ready
[    6.549227] systemd-udevd[312]: starting version 204
[    7.091190] lp: driver loaded but no devices found
[    7.665337] [Firmware Bug]: ACPI(VGA) defines _DOD but not _DOS
[    7.671953] acpi device:3a: registered as cooling_device4
[    7.671961] ACPI: Video Device [VGA] (multi-head: yes  rom: no  post: no)
[    7.672039] input: Video Bus as /devices/LNXSYSTM:00/device:00/PNP0A08:00/device:38/LNXVIDEO:00/input/input5
[    7.835599] ACPI Warning: 0x0000000000000428-0x000000000000042f SystemIO conflicts with Region \PMIO 1 (20130517/utaddress-251)
[    7.835606] ACPI: If an ACPI driver is available for this device, you should use it instead of the native driver
[    7.835610] ACPI Warning: 0x0000000000000530-0x000000000000053f SystemIO conflicts with Region \GPIO 1 (20130517/utaddress-251)
[    7.835612] ACPI Warning: 0x0000000000000530-0x000000000000053f SystemIO conflicts with Region \GPXX 2 (20130517/utaddress-251)
[    7.835614] ACPI: If an ACPI driver is available for this device, you should use it instead of the native driver
[    7.835615] ACPI Warning: 0x0000000000000500-0x000000000000052f SystemIO conflicts with Region \GPIO 1 (20130517/utaddress-251)
[    7.835617] ACPI Warning: 0x0000000000000500-0x000000000000052f SystemIO conflicts with Region \GPXX 2 (20130517/utaddress-251)
[    7.835619] ACPI: If an ACPI driver is available for this device, you should use it instead of the native driver
[    7.835619] lpc_ich: Resource conflict(s) found affecting gpio_ich
[    8.008287] wmi: Mapper loaded
[    8.009182] toshiba_bluetooth: Detected Toshiba ACPI Bluetooth device - installing RFKill handler
[    8.009222] toshiba_bluetooth: Re-enabling Toshiba Bluetooth
[    8.073750] mei_me 0000:00:16.0: setting latency timer to 64
[    8.073793] mei_me 0000:00:16.0: irq 44 for MSI/MSI-X
[    8.219179] [drm] Initialized drm 1.1.0 20060810
[    8.263025] cfg80211: Calling CRDA to update world regulatory domain
[    8.271773] microcode: CPU0 sig=0x306a9, pf=0x10, revision=0x17
[    8.537306] [drm] radeon kernel modesetting enabled.
[    8.537339] checking generic (b0000000 1e0000) vs hw (b0000000 10000000)
[    8.537341] fb: conflicting fb hw usage radeondrmfb vs EFI VGA - removing generic driver
[    8.537354] Console: switching to colour dummy device 80x25
[    8.537590] [drm] initializing kernel modesetting (TURKS 0x1002:0x6840 0x1179:0xFB31).
[    8.537611] [drm] register mmio base: 0xC2000000
[    8.537612] [drm] register mmio size: 131072
[    8.537639] [drm] ACPI VFCT contains a BIOS for 01:00.0 1002:6840, size 22016
[    8.537643] ATOM BIOS: Toshiba_Pegatron_Port_Louis_Thames_XT_DDR3_DIS
[    8.537706] radeon 0000:01:00.0: VRAM: 1024M 0x0000000000000000 - 0x000000003FFFFFFF (1024M used)
[    8.537708] radeon 0000:01:00.0: GTT: 512M 0x0000000040000000 - 0x000000005FFFFFFF
[    8.537709] [drm] Detected VRAM RAM=1024M, BAR=256M
[    8.537710] [drm] RAM width 128bits DDR
[    8.537762] [TTM] Zone  kernel: Available graphics memory: 3031408 kiB
[    8.537764] [TTM] Zone   dma32: Available graphics memory: 2097152 kiB
[    8.537764] [TTM] Initializing pool allocator
[    8.537767] [TTM] Initializing DMA pool allocator
[    8.537780] [drm] radeon: 1024M of VRAM memory ready
[    8.537781] [drm] radeon: 512M of GTT memory ready.
[    8.627366] [drm] GART: num cpu pages 131072, num gpu pages 131072
[    8.627626] [drm] enabling PCIE gen 2 link speeds, disable with radeon.pcie_gen2=0
[    8.630675] [drm] Loading TURKS Microcode
[    8.856422] psmouse serio2: synaptics: Touchpad model: 1, fw: 7.5, id: 0x1e0b1, caps: 0xd00073/0x240000/0xa0400, board id: 1680, fw id: 706145
[    8.890389] input: SynPS/2 Synaptics TouchPad as /devices/platform/i8042/serio2/input/input6
[    8.917356] snd_hda_intel 0000:00:1b.0: irq 45 for MSI/MSI-X
[    8.928384] ath: phy0: ASPM enabled: 0x43
[    8.928387] ath: EEPROM regdomain: 0x65
[    8.928388] ath: EEPROM indicates we should expect a direct regpair map
[    8.928390] ath: Country alpha2 being used: 00
[    8.928390] ath: Regpair used: 0x65
[    8.946451] SKU: Nid=0x1d sku_cfg=0x4005822d
[    8.946453] SKU: port_connectivity=0x1
[    8.946454] SKU: enable_pcbeep=0x0
[    8.946455] SKU: check_sum=0x00000005
[    8.946456] SKU: customization=0x00000082
[    8.946456] SKU: external_amp=0x5
[    8.946457] SKU: platform_type=0x1
[    8.946458] SKU: swap=0x0
[    8.946458] SKU: override=0x1
[    8.946674] autoconfig: line_outs=1 (0x14/0x0/0x0/0x0/0x0) type:speaker
[    8.946675]    speaker_outs=0 (0x0/0x0/0x0/0x0/0x0)
[    8.946676]    hp_outs=1 (0x15/0x0/0x0/0x0/0x0)
[    8.946677]    mono: mono_out=0x0
[    8.946677]    inputs:
[    8.946678]      Mic=0x18
[    8.946679]      Internal Mic=0x12
[    8.946680] realtek: No valid SSID, checking pincfg 0x4005822d for NID 0x1d
[    8.946681] realtek: Enabling init ASM_ID=0x822d CODEC_ID=10ec0269
[    8.950978] input: HDA Intel PCH Headphone as /devices/pci0000:00/0000:00:1b.0/sound/card0/input7
[    8.951035] input: HDA Intel PCH Mic as /devices/pci0000:00/0000:00:1b.0/sound/card0/input8
[    8.974325] [drm] PCIE GART of 512M enabled (table at 0x0000000000273000).
[    8.974429] radeon 0000:01:00.0: WB enabled
[    8.974432] radeon 0000:01:00.0: fence driver on ring 0 use gpu addr 0x0000000040000c00 and cpu addr 0xffff8801c3e31c00
[    8.974433] radeon 0000:01:00.0: fence driver on ring 3 use gpu addr 0x0000000040000c0c and cpu addr 0xffff8801c3e31c0c
[    8.974965] radeon 0000:01:00.0: fence driver on ring 5 use gpu addr 0x0000000000072118 and cpu addr 0xffffc900097b2118
[    8.974966] [drm] Supports vblank timestamp caching Rev 1 (10.10.2010).
[    8.974967] [drm] Driver supports precise vblank timestamp query.
[    8.974985] radeon 0000:01:00.0: irq 46 for MSI/MSI-X
[    8.974994] radeon 0000:01:00.0: radeon: using MSI.
[    8.975014] [drm] radeon: irq initialized.
[    8.991310] [drm] ring test on 0 succeeded in 1 usecs
[    8.991369] [drm] ring test on 3 succeeded in 1 usecs
[    8.994002] Bluetooth: Core ver 2.16
[    8.994026] NET: Registered protocol family 31
[    8.994027] Bluetooth: HCI device and connection manager initialized
[    8.994035] Bluetooth: HCI socket layer initialized
[    8.994038] Bluetooth: L2CAP socket layer initialized
[    8.994043] Bluetooth: SCO socket layer initialized
[    9.025791] Linux video capture interface: v2.00
[    9.030593] ieee80211 phy0: Selected rate control algorithm 'minstrel_ht'
[    9.030847] ieee80211 phy0: Atheros AR9485 Rev:1 mem=0xffffc90009400000, irq=17
[    9.061282] usbcore: registered new interface driver btusb
[    9.177307] [drm] ring test on 5 succeeded in 1 usecs
[    9.177311] [drm] UVD initialized successfully.
[    9.177497] [drm] ib test on ring 0 succeeded in 0 usecs
[    9.177520] [drm] ib test on ring 3 succeeded in 0 usecs
[    9.270406] uvcvideo: Found UVC 1.00 device TOSHIBA Web Camera - HD (04f2:b326)
[    9.281197] type=1400 audit(1398854407.177:2): apparmor="STATUS" operation="profile_load" parent=368 profile="unconfined" name="/sbin/dhclient" pid=421 comm="apparmor_parser"
[    9.281205] type=1400 audit(1398854407.177:3): apparmor="STATUS" operation="profile_load" parent=368 profile="unconfined" name="/usr/lib/NetworkManager/nm-dhcp-client.action" pid=421 comm="apparmor_parser"
[    9.281210] type=1400 audit(1398854407.177:4): apparmor="STATUS" operation="profile_load" parent=368 profile="unconfined" name="/usr/lib/connman/scripts/dhclient-script" pid=421 comm="apparmor_parser"
[    9.281758] type=1400 audit(1398854407.177:5): apparmor="STATUS" operation="profile_replace" parent=368 profile="unconfined" name="/usr/lib/NetworkManager/nm-dhcp-client.action" pid=421 comm="apparmor_parser"
[    9.281765] type=1400 audit(1398854407.177:6): apparmor="STATUS" operation="profile_replace" parent=368 profile="unconfined" name="/usr/lib/connman/scripts/dhclient-script" pid=421 comm="apparmor_parser"
[    9.282066] type=1400 audit(1398854407.177:7): apparmor="STATUS" operation="profile_replace" parent=368 profile="unconfined" name="/usr/lib/connman/scripts/dhclient-script" pid=421 comm="apparmor_parser"
[    9.285735] input: TOSHIBA Web Camera - HD as /devices/pci0000:00/0000:00:1a.0/usb1/1-1/1-1.3/1-1.3:1.0/input/input9
[    9.285966] usbcore: registered new interface driver uvcvideo
[    9.285968] USB Video Class driver (1.1.1)
[    9.338272] [drm] ib test on ring 5 succeeded
[    9.394318] [drm] radeon atom DIG backlight initialized
[    9.394322] [drm] Radeon Display Connectors
[    9.394323] [drm] Connector 0:
[    9.394325] [drm]   LVDS-1
[    9.394326] [drm]   DDC: 0x6560 0x6560 0x6564 0x6564 0x6568 0x6568 0x656c 0x656c
[    9.394327] [drm]   Encoders:
[    9.394328] [drm]     LCD1: INTERNAL_UNIPHY
[    9.394328] [drm] Connector 1:
[    9.394329] [drm]   HDMI-A-1
[    9.394330] [drm]   HPD1
[    9.394331] [drm]   DDC: 0x6430 0x6430 0x6434 0x6434 0x6438 0x6438 0x643c 0x643c
[    9.394332] [drm]   Encoders:
[    9.394333] [drm]     DFP1: INTERNAL_UNIPHY1
[    9.394333] [drm] Connector 2:
[    9.394334] [drm]   VGA-1
[    9.394336] [drm]   DDC: 0x64d8 0x64d8 0x64dc 0x64dc 0x64e0 0x64e0 0x64e4 0x64e4
[    9.394336] [drm]   Encoders:
[    9.394337] [drm]     CRT1: INTERNAL_KLDSCP_DAC1
[    9.394387] [drm] Internal thermal controller without fan control
[    9.395231] [drm] radeon: power management initialized
[    9.431249] microcode: CPU1 sig=0x306a9, pf=0x10, revision=0x17
[    9.438092] microcode: CPU2 sig=0x306a9, pf=0x10, revision=0x17
[    9.438499] microcode: CPU3 sig=0x306a9, pf=0x10, revision=0x17
[    9.438899] microcode: Microcode Update Driver: v2.00 <tigran@aivazian.fsnet.co.uk>, Peter Oruba
[    9.800175] [drm] fb mappable at 0xB0375000
[    9.800178] [drm] vram apper at 0xB0000000
[    9.800179] [drm] size 4325376
[    9.800179] [drm] fb depth is 24
[    9.800180] [drm]    pitch is 5632
[    9.800260] fbcon: radeondrmfb (fb0) is primary device
[   10.120081] cfg80211: World regulatory domain updated:
[   10.120082] cfg80211:   (start_freq - end_freq @ bandwidth), (max_antenna_gain, max_eirp)
[   10.120084] cfg80211:   (2402000 KHz - 2472000 KHz @ 40000 KHz), (300 mBi, 2000 mBm)
[   10.120085] cfg80211:   (2457000 KHz - 2482000 KHz @ 40000 KHz), (300 mBi, 2000 mBm)
[   10.120085] cfg80211:   (2474000 KHz - 2494000 KHz @ 20000 KHz), (300 mBi, 2000 mBm)
[   10.120086] cfg80211:   (5170000 KHz - 5250000 KHz @ 40000 KHz), (300 mBi, 2000 mBm)
[   10.120086] cfg80211:   (5735000 KHz - 5835000 KHz @ 40000 KHz), (300 mBi, 2000 mBm)
[   10.571277] Console: switching to colour frame buffer device 170x48
[   10.573216] radeon 0000:01:00.0: fb0: radeondrmfb frame buffer device
[   10.573218] radeon 0000:01:00.0: registered panic notifier
[   10.573287] [drm] Initialized radeon 2.34.0 20080528 for 0000:01:00.0 on minor 0
[   10.573361] hda-intel 0000:01:00.1: Handle VGA-switcheroo audio client
[   10.573364] hda-intel 0000:01:00.1: Using LPIB position fix
[   10.573402] snd_hda_intel 0000:01:00.1: irq 47 for MSI/MSI-X
[   10.575905] hda-intel 0000:01:00.1: Enable sync_write for stable communication
[   10.621320] input: HD-Audio Generic HDMI/DP,pcm=3 as /devices/pci0000:00/0000:00:01.0/0000:01:00.1/sound/card1/input10
[   11.620042] EXT4-fs (sda9): re-mounted. Opts: errors=remount-ro
[   12.152173] Bluetooth: Error in firmware loading err = -110,len = 448, size = 4096
[   12.152241] Bluetooth: Loading patch file failed
[   12.152260] ath3k: probe of 3-3:1.0 failed with error -110
[   12.152291] usbcore: registered new interface driver ath3k
[   12.455457] EXT4-fs (sda8): mounted filesystem with ordered data mode. Opts: (null)
[   12.880502] EXT4-fs (sda10): mounted filesystem with ordered data mode. Opts: (null)
[   15.249653] init: failsafe main process (738) killed by TERM signal
[   15.791654] type=1400 audit(1398854413.685:8): apparmor="STATUS" operation="profile_replace" parent=864 profile="unconfined" name="/sbin/dhclient" pid=872 comm="apparmor_parser"
[   15.791661] type=1400 audit(1398854413.685:9): apparmor="STATUS" operation="profile_replace" parent=864 profile="unconfined" name="/usr/lib/NetworkManager/nm-dhcp-client.action" pid=872 comm="apparmor_parser"
[   15.791664] type=1400 audit(1398854413.685:10): apparmor="STATUS" operation="profile_replace" parent=864 profile="unconfined" name="/usr/lib/connman/scripts/dhclient-script" pid=872 comm="apparmor_parser"
[   15.792036] type=1400 audit(1398854413.685:11): apparmor="STATUS" operation="profile_replace" parent=864 profile="unconfined" name="/usr/lib/NetworkManager/nm-dhcp-client.action" pid=872 comm="apparmor_parser"
[   15.792039] type=1400 audit(1398854413.685:12): apparmor="STATUS" operation="profile_replace" parent=864 profile="unconfined" name="/usr/lib/connman/scripts/dhclient-script" pid=872 comm="apparmor_parser"
[   15.792243] type=1400 audit(1398854413.685:13): apparmor="STATUS" operation="profile_replace" parent=864 profile="unconfined" name="/usr/lib/connman/scripts/dhclient-script" pid=872 comm="apparmor_parser"
[   15.901496] type=1400 audit(1398854413.793:14): apparmor="STATUS" operation="profile_load" parent=864 profile="unconfined" name="/usr/lib/x86_64-linux-gnu/lightdm-remote-session-uccsconfigure/uccsconfigure-session-wrapper" pid=871 comm="apparmor_parser"
[   15.901505] type=1400 audit(1398854413.793:15): apparmor="STATUS" operation="profile_load" parent=864 profile="unconfined" name="chromium_browser" pid=871 comm="apparmor_parser"
[   15.901852] type=1400 audit(1398854413.793:16): apparmor="STATUS" operation="profile_load" parent=864 profile="unconfined" name="/usr/lib/x86_64-linux-gnu/lightdm-remote-session-freerdp/freerdp-session-wrapper" pid=870 comm="apparmor_parser"
[   15.901858] type=1400 audit(1398854413.793:17): apparmor="STATUS" operation="profile_load" parent=864 profile="unconfined" name="chromium_browser" pid=870 comm="apparmor_parser"
[   17.725047] vboxdrv: module verification failed: signature and/or required key missing - tainting kernel
[   17.728871] vboxdrv: Found 4 processor cores.
[   17.731145] vboxdrv: fAsync=0 offMin=0xd3 offMax=0xc6c
[   17.731221] vboxdrv: TSC mode is 'synchronous', kernel timer mode is 'normal'.
[   17.731222] vboxdrv: Successfully loaded version 4.2.16_Ubuntu (interface 0x001a0005).
[   18.038594] Bluetooth: RFCOMM TTY layer initialized
[   18.038605] Bluetooth: RFCOMM socket layer initialized
[   18.038606] Bluetooth: RFCOMM ver 1.11
[   18.436611] init: avahi-cups-reload main process (1075) terminated with status 1
[   18.440390] Bluetooth: BNEP (Ethernet Emulation) ver 1.3
[   18.440393] Bluetooth: BNEP filters: protocol multicast
[   18.440402] Bluetooth: BNEP socket layer initialized
[   18.570446] ppdev: user-space parallel port driver
[   20.302282] vboxpci: IOMMU not found (not registered)
[   23.301259] IPv6: ADDRCONF(NETDEV_UP): wlan0: link is not ready
[   23.301445] IPv6: ADDRCONF(NETDEV_UP): wlan0: link is not ready
[   23.513675] r8169 0000:09:00.0 eth0: link down
[   23.513716] IPv6: ADDRCONF(NETDEV_UP): eth0: link is not ready
[   23.513974] IPv6: ADDRCONF(NETDEV_UP): eth0: link is not ready
[   98.109421] wlan0: authenticate with f8:ed:80:65:ba:e1
[   98.129049] wlan0: send auth to f8:ed:80:65:ba:e1 (try 1/3)
[   98.131029] wlan0: authenticated
[   98.132599] wlan0: associate with f8:ed:80:65:ba:e1 (try 1/3)
[   98.148205] wlan0: RX AssocResp from f8:ed:80:65:ba:e1 (capab=0x401 status=0 aid=7)
[   98.148276] wlan0: associated
[   98.148334] IPv6: ADDRCONF(NETDEV_CHANGE): wlan0: link becomes ready
[  171.839867] systemd-hostnamed[2990]: Warning: nss-myhostname is not installed. Changing the local hostname might make it unresolveable. Please install nss-myhostname!


----------------------	lsmod	----------------------

Module                  Size  Used by
pci_stub               12622  1 
vboxpci                23194  0 
vboxnetadp             25670  0 
vboxnetflt             27613  0 
parport_pc             32701  0 
ppdev                  17671  0 
bnep                   19704  2 
rfcomm                 69130  0 
vboxdrv               320455  3 vboxnetadp,vboxnetflt,vboxpci
binfmt_misc            17468  1 
nls_iso8859_1          12713  1 
snd_hda_codec_hdmi     41154  1 
x86_pkg_temp_thermal    14162  0 
intel_powerclamp       14705  0 
coretemp               13435  0 
kvm_intel             138567  0 
kvm                   431754  1 kvm_intel
crct10dif_pclmul       14289  0 
crc32_pclmul           13113  0 
ghash_clmulni_intel    13259  0 
aesni_intel            55624  0 
aes_x86_64             17131  1 aesni_intel
lrw                    13286  1 aesni_intel
gf128mul               14951  1 lrw
glue_helper            13990  1 aesni_intel
ablk_helper            13597  1 aesni_intel
cryptd                 20359  3 ghash_clmulni_intel,aesni_intel,ablk_helper
joydev                 17377  0 
uvcvideo               80885  0 
videobuf2_vmalloc      13216  1 uvcvideo
videobuf2_memops       13362  1 videobuf2_vmalloc
videobuf2_core         40499  1 uvcvideo
ath3k                  13318  0 
btusb                  28267  0 
arc4                   12608  2 
videodev              133509  2 uvcvideo,videobuf2_core
bluetooth             372041  12 bnep,ath3k,btusb,rfcomm
snd_hda_codec_realtek    56475  1 
ath9k                 155907  0 
snd_hda_intel          52267  5 
snd_hda_codec         188738  3 snd_hda_codec_realtek,snd_hda_codec_hdmi,snd_hda_intel
ath9k_common           13859  1 ath9k
snd_hwdep              13602  1 snd_hda_codec
snd_pcm               102033  3 snd_hda_codec_hdmi,snd_hda_codec,snd_hda_intel
ath9k_hw              444732  2 ath9k_common,ath9k
radeon               1408212  3 
snd_page_alloc         18710  2 snd_pcm,snd_hda_intel
ath                    23827  3 ath9k_common,ath9k,ath9k_hw
snd_seq_midi           13324  0 
snd_seq_midi_event     14899  1 snd_seq_midi
mac80211              597268  1 ath9k
snd_rawmidi            30095  1 snd_seq_midi
microcode              23656  0 
cfg80211              480503  3 ath,ath9k,mac80211
ttm                    84169  1 radeon
drm_kms_helper         52710  1 radeon
snd_seq                61560  2 snd_seq_midi_event,snd_seq_midi
drm                   297056  5 ttm,drm_kms_helper,radeon
snd_seq_device         14497  3 snd_seq,snd_rawmidi,snd_seq_midi
snd_timer              29433  2 snd_pcm,snd_seq
i2c_algo_bit           13413  1 radeon
mei_me                 18421  0 
sparse_keymap          13948  0 
psmouse                97655  0 
mei                    77782  1 mei_me
toshiba_bluetooth      12852  0 
wmi                    19070  0 
snd                    69141  21 snd_hda_codec_realtek,snd_hwdep,snd_timer,snd_hda_codec_hdmi,snd_pcm,snd_seq,snd_rawmidi,snd_hda_codec,snd_hda_intel,snd_seq_device,snd_seq_midi
soundcore              12680  1 snd
lpc_ich                21080  0 
serio_raw              13413  0 
video                  19318  0 
mac_hid                13205  0 
lp                     17759  0 
parport                42299  3 lp,ppdev,parport_pc
ums_realtek            18029  0 
usb_storage            62062  1 ums_realtek
hid_generic            12548  0 
usbhid                 53014  0 
hid                   101762  2 hid_generic,usbhid
ahci                   25819  5 
r8169                  67581  0 
libahci                32009  1 ahci
mii                    13934  1 r8169


----------------------	lspci	----------------------

00:00.0 Host bridge: Intel Corporation 3rd Gen Core processor DRAM Controller (rev 09)
00:01.0 PCI bridge: Intel Corporation Xeon E3-1200 v2/3rd Gen Core processor PCI Express Root Port (rev 09)
00:14.0 USB controller: Intel Corporation 7 Series/C210 Series Chipset Family USB xHCI Host Controller (rev 04)
00:16.0 Communication controller: Intel Corporation 7 Series/C210 Series Chipset Family MEI Controller #1 (rev 04)
00:1a.0 USB controller: Intel Corporation 7 Series/C210 Series Chipset Family USB Enhanced Host Controller #2 (rev 04)
00:1b.0 Audio device: Intel Corporation 7 Series/C210 Series Chipset Family High Definition Audio Controller (rev 04)
00:1c.0 PCI bridge: Intel Corporation 7 Series/C210 Series Chipset Family PCI Express Root Port 1 (rev c4)
00:1c.1 PCI bridge: Intel Corporation 7 Series/C210 Series Chipset Family PCI Express Root Port 2 (rev c4)
00:1c.2 PCI bridge: Intel Corporation 7 Series/C210 Series Chipset Family PCI Express Root Port 3 (rev c4)
00:1d.0 USB controller: Intel Corporation 7 Series/C210 Series Chipset Family USB Enhanced Host Controller #1 (rev 04)
00:1f.0 ISA bridge: Intel Corporation HM76 Express Chipset LPC Controller (rev 04)
00:1f.2 SATA controller: Intel Corporation 7 Series Chipset Family 6-port SATA Controller [AHCI mode] (rev 04)
00:1f.3 SMBus: Intel Corporation 7 Series/C210 Series Chipset Family SMBus Controller (rev 04)
01:00.0 VGA compatible controller: Advanced Micro Devices, Inc. [AMD/ATI] Thames [Radeon HD 7500M/7600M Series]
01:00.1 Audio device: Advanced Micro Devices, Inc. [AMD/ATI] Turks/Whistler HDMI Audio [Radeon HD 6000 Series]
08:00.0 Network controller: Qualcomm Atheros AR9485 Wireless Network Adapter (rev 01)
09:00.0 Ethernet controller: Realtek Semiconductor Co., Ltd. RTL8111/8168/8411 PCI Express Gigabit Ethernet Controller (rev 07)


----------------------	lspci -vvv	----------------------

00:00.0 Host bridge: Intel Corporation 3rd Gen Core processor DRAM Controller (rev 09)
	Subsystem: Toshiba America Info Systems Device fb31
	Control: I/O- Mem+ BusMaster+ SpecCycle- MemWINV- VGASnoop- ParErr- Stepping- SERR- FastB2B- DisINTx-
	Status: Cap+ 66MHz- UDF- FastB2B+ ParErr- DEVSEL=fast >TAbort- <TAbort- <MAbort+ >SERR- <PERR- INTx-
	Latency: 0
	Capabilities: [e0] Vendor Specific Information: Len=0c <?>

00:01.0 PCI bridge: Intel Corporation Xeon E3-1200 v2/3rd Gen Core processor PCI Express Root Port (rev 09) (prog-if 00 [Normal decode])
	Control: I/O+ Mem+ BusMaster+ SpecCycle- MemWINV- VGASnoop- ParErr- Stepping- SERR- FastB2B- DisINTx+
	Status: Cap+ 66MHz- UDF- FastB2B- ParErr- DEVSEL=fast >TAbort- <TAbort- <MAbort- >SERR- <PERR- INTx-
	Latency: 0, Cache Line Size: 64 bytes
	Bus: primary=00, secondary=01, subordinate=06, sec-latency=0
	I/O behind bridge: 00003000-00003fff
	Memory behind bridge: c2000000-c2ffffff
	Prefetchable memory behind bridge: 00000000b0000000-00000000bfffffff
	Secondary status: 66MHz- FastB2B- ParErr- DEVSEL=fast >TAbort- <TAbort- <MAbort- <SERR- <PERR-
	BridgeCtl: Parity- SERR- NoISA- VGA- MAbort- >Reset- FastB2B-
		PriDiscTmr- SecDiscTmr- DiscTmrStat- DiscTmrSERREn-
	Capabilities: [88] Subsystem: Toshiba America Info Systems Device fb31
	Capabilities: [80] Power Management version 3
		Flags: PMEClk- DSI- D1- D2- AuxCurrent=0mA PME(D0+,D1-,D2-,D3hot+,D3cold+)
		Status: D0 NoSoftRst+ PME-Enable- DSel=0 DScale=0 PME-
	Capabilities: [90] MSI: Enable+ Count=1/1 Maskable- 64bit-
		Address: fee0f00c  Data: 4191
	Capabilities: [a0] Express (v2) Root Port (Slot+), MSI 00
		DevCap:	MaxPayload 256 bytes, PhantFunc 0, Latency L0s <64ns, L1 <1us
			ExtTag- RBE+ FLReset-
		DevCtl:	Report errors: Correctable- Non-Fatal- Fatal- Unsupported-
			RlxdOrd- ExtTag- PhantFunc- AuxPwr- NoSnoop-
			MaxPayload 256 bytes, MaxReadReq 128 bytes
		DevSta:	CorrErr- UncorrErr- FatalErr- UnsuppReq- AuxPwr- TransPend-
		LnkCap:	Port #2, Speed 5GT/s, Width x16, ASPM L0s L1, Latency L0 <256ns, L1 <8us
			ClockPM- Surprise- LLActRep- BwNot+
		LnkCtl:	ASPM L0s L1 Enabled; RCB 64 bytes Disabled- Retrain- CommClk+
			ExtSynch- ClockPM- AutWidDis- BWInt- AutBWInt-
		LnkSta:	Speed 5GT/s, Width x16, TrErr- Train+ SlotClk+ DLActive- BWMgmt+ ABWMgmt+
		SltCap:	AttnBtn- PwrCtrl- MRL- AttnInd- PwrInd- HotPlug- Surprise-
			Slot #1, PowerLimit 75.000W; Interlock- NoCompl+
		SltCtl:	Enable: AttnBtn- PwrFlt- MRL- PresDet- CmdCplt- HPIrq- LinkChg-
			Control: AttnInd Unknown, PwrInd Unknown, Power- Interlock-
		SltSta:	Status: AttnBtn- PowerFlt- MRL- CmdCplt- PresDet+ Interlock-
			Changed: MRL- PresDet+ LinkState-
		RootCtl: ErrCorrectable- ErrNon-Fatal- ErrFatal- PMEIntEna- CRSVisible-
		RootCap: CRSVisible-
		RootSta: PME ReqID 0000, PMEStatus- PMEPending-
		DevCap2: Completion Timeout: Not Supported, TimeoutDis- ARIFwd-
		DevCtl2: Completion Timeout: 50us to 50ms, TimeoutDis- ARIFwd-
		LnkCtl2: Target Link Speed: 5GT/s, EnterCompliance- SpeedDis-, Selectable De-emphasis: -3.5dB
			 Transmit Margin: Normal Operating Range, EnterModifiedCompliance- ComplianceSOS-
			 Compliance De-emphasis: -6dB
		LnkSta2: Current De-emphasis Level: -3.5dB, EqualizationComplete-, EqualizationPhase1-
			 EqualizationPhase2-, EqualizationPhase3-, LinkEqualizationRequest-
	Capabilities: [100 v1] Virtual Channel
		Caps:	LPEVC=0 RefClk=100ns PATEntryBits=1
		Arb:	Fixed- WRR32- WRR64- WRR128-
		Ctrl:	ArbSelect=Fixed
		Status:	InProgress-
		VC0:	Caps:	PATOffset=00 MaxTimeSlots=1 RejSnoopTrans-
			Arb:	Fixed+ WRR32- WRR64- WRR128- TWRR128- WRR256-
			Ctrl:	Enable+ ID=0 ArbSelect=Fixed TC/VC=ff
			Status:	NegoPending- InProgress-
	Capabilities: [140 v1] Root Complex Link
		Desc:	PortNumber=02 ComponentID=01 EltType=Config
		Link0:	Desc:	TargetPort=00 TargetComponent=01 AssocRCRB- LinkType=MemMapped LinkValid+
			Addr:	00000000fed19000
	Capabilities: [d94 v1] #19
	Kernel driver in use: pcieport

00:14.0 USB controller: Intel Corporation 7 Series/C210 Series Chipset Family USB xHCI Host Controller (rev 04) (prog-if 30 [XHCI])
	Subsystem: Toshiba America Info Systems Device fb31
	Control: I/O- Mem+ BusMaster+ SpecCycle- MemWINV- VGASnoop- ParErr- Stepping- SERR- FastB2B- DisINTx+
	Status: Cap+ 66MHz- UDF- FastB2B+ ParErr- DEVSEL=medium >TAbort- <TAbort- <MAbort- >SERR- <PERR- INTx-
	Latency: 0
	Interrupt: pin A routed to IRQ 41
	Region 0: Memory at c3100000 (64-bit, non-prefetchable) [size=64K]
	Capabilities: [70] Power Management version 2
		Flags: PMEClk- DSI- D1- D2- AuxCurrent=375mA PME(D0-,D1-,D2-,D3hot+,D3cold+)
		Status: D0 NoSoftRst+ PME-Enable- DSel=0 DScale=0 PME-
	Capabilities: [80] MSI: Enable+ Count=1/8 Maskable- 64bit+
		Address: 00000000fee0c00c  Data: 41a1
	Kernel driver in use: xhci_hcd

00:16.0 Communication controller: Intel Corporation 7 Series/C210 Series Chipset Family MEI Controller #1 (rev 04)
	Subsystem: Toshiba America Info Systems Device fb31
	Control: I/O- Mem+ BusMaster+ SpecCycle- MemWINV- VGASnoop- ParErr- Stepping- SERR- FastB2B- DisINTx+
	Status: Cap+ 66MHz- UDF- FastB2B- ParErr- DEVSEL=fast >TAbort- <TAbort- <MAbort- >SERR- <PERR- INTx-
	Latency: 0
	Interrupt: pin A routed to IRQ 44
	Region 0: Memory at c3114000 (64-bit, non-prefetchable) [size=16]
	Capabilities: [50] Power Management version 3
		Flags: PMEClk- DSI- D1- D2- AuxCurrent=0mA PME(D0+,D1-,D2-,D3hot+,D3cold+)
		Status: D0 NoSoftRst+ PME-Enable- DSel=0 DScale=0 PME-
	Capabilities: [8c] MSI: Enable+ Count=1/1 Maskable- 64bit+
		Address: 00000000fee0f00c  Data: 41e1
	Kernel driver in use: mei_me

00:1a.0 USB controller: Intel Corporation 7 Series/C210 Series Chipset Family USB Enhanced Host Controller #2 (rev 04) (prog-if 20 [EHCI])
	Subsystem: Toshiba America Info Systems Device fb31
	Control: I/O- Mem+ BusMaster+ SpecCycle- MemWINV- VGASnoop- ParErr- Stepping- SERR- FastB2B- DisINTx-
	Status: Cap+ 66MHz- UDF- FastB2B+ ParErr- DEVSEL=medium >TAbort- <TAbort- <MAbort- >SERR- <PERR- INTx-
	Latency: 0
	Interrupt: pin A routed to IRQ 16
	Region 0: Memory at c3119000 (32-bit, non-prefetchable) [size=1K]
	Capabilities: [50] Power Management version 2
		Flags: PMEClk- DSI- D1- D2- AuxCurrent=375mA PME(D0+,D1-,D2-,D3hot+,D3cold+)
		Status: D0 NoSoftRst- PME-Enable- DSel=0 DScale=0 PME-
	Capabilities: [58] Debug port: BAR=1 offset=00a0
	Capabilities: [98] PCI Advanced Features
		AFCap: TP+ FLR+
		AFCtrl: FLR-
		AFStatus: TP-
	Kernel driver in use: ehci-pci

00:1b.0 Audio device: Intel Corporation 7 Series/C210 Series Chipset Family High Definition Audio Controller (rev 04)
	Subsystem: Toshiba America Info Systems Device fb30
	Control: I/O- Mem+ BusMaster+ SpecCycle- MemWINV- VGASnoop- ParErr- Stepping- SERR- FastB2B- DisINTx+
	Status: Cap+ 66MHz- UDF- FastB2B- ParErr- DEVSEL=fast >TAbort- <TAbort- <MAbort- >SERR- <PERR- INTx-
	Latency: 0, Cache Line Size: 64 bytes
	Interrupt: pin A routed to IRQ 45
	Region 0: Memory at c3110000 (64-bit, non-prefetchable) [size=16K]
	Capabilities: [50] Power Management version 2
		Flags: PMEClk- DSI- D1- D2- AuxCurrent=55mA PME(D0+,D1-,D2-,D3hot+,D3cold+)
		Status: D0 NoSoftRst- PME-Enable- DSel=0 DScale=0 PME-
	Capabilities: [60] MSI: Enable+ Count=1/1 Maskable- 64bit+
		Address: 00000000fee0f00c  Data: 4142
	Capabilities: [70] Express (v1) Root Complex Integrated Endpoint, MSI 00
		DevCap:	MaxPayload 128 bytes, PhantFunc 0, Latency L0s <64ns, L1 <1us
			ExtTag- RBE- FLReset+
		DevCtl:	Report errors: Correctable- Non-Fatal- Fatal- Unsupported-
			RlxdOrd- ExtTag- PhantFunc- AuxPwr- NoSnoop-
			MaxPayload 128 bytes, MaxReadReq 128 bytes
		DevSta:	CorrErr- UncorrErr- FatalErr- UnsuppReq- AuxPwr+ TransPend-
		LnkCap:	Port #0, Speed unknown, Width x0, ASPM unknown, Latency L0 <64ns, L1 <1us
			ClockPM- Surprise- LLActRep- BwNot-
		LnkCtl:	ASPM Disabled; Disabled- Retrain- CommClk-
			ExtSynch- ClockPM- AutWidDis- BWInt- AutBWInt-
		LnkSta:	Speed unknown, Width x0, TrErr- Train- SlotClk- DLActive- BWMgmt- ABWMgmt-
	Capabilities: [100 v1] Virtual Channel
		Caps:	LPEVC=0 RefClk=100ns PATEntryBits=1
		Arb:	Fixed- WRR32- WRR64- WRR128-
		Ctrl:	ArbSelect=Fixed
		Status:	InProgress-
		VC0:	Caps:	PATOffset=00 MaxTimeSlots=1 RejSnoopTrans-
			Arb:	Fixed- WRR32- WRR64- WRR128- TWRR128- WRR256-
			Ctrl:	Enable+ ID=0 ArbSelect=Fixed TC/VC=01
			Status:	NegoPending- InProgress-
		VC1:	Caps:	PATOffset=00 MaxTimeSlots=1 RejSnoopTrans-
			Arb:	Fixed- WRR32- WRR64- WRR128- TWRR128- WRR256-
			Ctrl:	Enable+ ID=1 ArbSelect=Fixed TC/VC=22
			Status:	NegoPending- InProgress-
	Capabilities: [130 v1] Root Complex Link
		Desc:	PortNumber=0f ComponentID=00 EltType=Config
		Link0:	Desc:	TargetPort=00 TargetComponent=00 AssocRCRB- LinkType=MemMapped LinkValid+
			Addr:	00000000fed1c000
	Kernel driver in use: snd_hda_intel

00:1c.0 PCI bridge: Intel Corporation 7 Series/C210 Series Chipset Family PCI Express Root Port 1 (rev c4) (prog-if 00 [Normal decode])
	Control: I/O+ Mem+ BusMaster+ SpecCycle- MemWINV- VGASnoop- ParErr- Stepping- SERR- FastB2B- DisINTx-
	Status: Cap+ 66MHz- UDF- FastB2B- ParErr- DEVSEL=fast >TAbort- <TAbort- <MAbort- >SERR- <PERR- INTx-
	Latency: 0, Cache Line Size: 64 bytes
	Bus: primary=00, secondary=07, subordinate=07, sec-latency=0
	I/O behind bridge: 0000f000-00000fff
	Memory behind bridge: fff00000-000fffff
	Prefetchable memory behind bridge: 00000000fff00000-00000000000fffff
	Secondary status: 66MHz- FastB2B- ParErr- DEVSEL=fast >TAbort- <TAbort- <MAbort+ <SERR- <PERR-
	BridgeCtl: Parity- SERR- NoISA- VGA- MAbort- >Reset- FastB2B-
		PriDiscTmr- SecDiscTmr- DiscTmrStat- DiscTmrSERREn-
	Capabilities: [40] Express (v2) Root Port (Slot+), MSI 00
		DevCap:	MaxPayload 128 bytes, PhantFunc 0, Latency L0s <64ns, L1 <1us
			ExtTag- RBE+ FLReset-
		DevCtl:	Report errors: Correctable- Non-Fatal- Fatal- Unsupported-
			RlxdOrd- ExtTag- PhantFunc- AuxPwr- NoSnoop-
			MaxPayload 128 bytes, MaxReadReq 128 bytes
		DevSta:	CorrErr- UncorrErr- FatalErr- UnsuppReq- AuxPwr+ TransPend-
		LnkCap:	Port #1, Speed 5GT/s, Width x1, ASPM L0s L1, Latency L0 <1us, L1 <16us
			ClockPM- Surprise- LLActRep+ BwNot-
		LnkCtl:	ASPM L0s L1 Enabled; RCB 64 bytes Disabled- Retrain- CommClk-
			ExtSynch- ClockPM- AutWidDis- BWInt- AutBWInt-
		LnkSta:	Speed 2.5GT/s, Width x0, TrErr- Train- SlotClk+ DLActive- BWMgmt- ABWMgmt-
		SltCap:	AttnBtn- PwrCtrl- MRL- AttnInd- PwrInd- HotPlug- Surprise-
			Slot #0, PowerLimit 10.000W; Interlock- NoCompl+
		SltCtl:	Enable: AttnBtn- PwrFlt- MRL- PresDet- CmdCplt- HPIrq- LinkChg-
			Control: AttnInd Unknown, PwrInd Unknown, Power- Interlock-
		SltSta:	Status: AttnBtn- PowerFlt- MRL- CmdCplt- PresDet- Interlock-
			Changed: MRL- PresDet- LinkState-
		RootCtl: ErrCorrectable- ErrNon-Fatal- ErrFatal- PMEIntEna- CRSVisible-
		RootCap: CRSVisible-
		RootSta: PME ReqID 0000, PMEStatus- PMEPending-
		DevCap2: Completion Timeout: Range BC, TimeoutDis+ ARIFwd-
		DevCtl2: Completion Timeout: 50us to 50ms, TimeoutDis- ARIFwd-
		LnkCtl2: Target Link Speed: 5GT/s, EnterCompliance- SpeedDis-, Selectable De-emphasis: -6dB
			 Transmit Margin: Normal Operating Range, EnterModifiedCompliance- ComplianceSOS-
			 Compliance De-emphasis: -6dB
		LnkSta2: Current De-emphasis Level: -3.5dB, EqualizationComplete-, EqualizationPhase1-
			 EqualizationPhase2-, EqualizationPhase3-, LinkEqualizationRequest-
	Capabilities: [80] MSI: Enable- Count=1/1 Maskable- 64bit-
		Address: 00000000  Data: 0000
	Capabilities: [90] Subsystem: Toshiba America Info Systems Device fb31
	Capabilities: [a0] Power Management version 2
		Flags: PMEClk- DSI- D1- D2- AuxCurrent=0mA PME(D0+,D1-,D2-,D3hot+,D3cold+)
		Status: D0 NoSoftRst- PME-Enable- DSel=0 DScale=0 PME-
	Kernel driver in use: pcieport

00:1c.1 PCI bridge: Intel Corporation 7 Series/C210 Series Chipset Family PCI Express Root Port 2 (rev c4) (prog-if 00 [Normal decode])
	Control: I/O+ Mem+ BusMaster+ SpecCycle- MemWINV- VGASnoop- ParErr- Stepping- SERR- FastB2B- DisINTx-
	Status: Cap+ 66MHz- UDF- FastB2B- ParErr- DEVSEL=fast >TAbort- <TAbort- <MAbort- >SERR- <PERR- INTx-
	Latency: 0, Cache Line Size: 64 bytes
	Bus: primary=00, secondary=08, subordinate=08, sec-latency=0
	I/O behind bridge: 0000f000-00000fff
	Memory behind bridge: c3000000-c30fffff
	Prefetchable memory behind bridge: 00000000c3300000-00000000c33fffff
	Secondary status: 66MHz- FastB2B- ParErr- DEVSEL=fast >TAbort- <TAbort- <MAbort- <SERR- <PERR-
	BridgeCtl: Parity- SERR- NoISA- VGA- MAbort- >Reset- FastB2B-
		PriDiscTmr- SecDiscTmr- DiscTmrStat- DiscTmrSERREn-
	Capabilities: [40] Express (v2) Root Port (Slot+), MSI 00
		DevCap:	MaxPayload 128 bytes, PhantFunc 0, Latency L0s <64ns, L1 <1us
			ExtTag- RBE+ FLReset-
		DevCtl:	Report errors: Correctable- Non-Fatal- Fatal- Unsupported-
			RlxdOrd- ExtTag- PhantFunc- AuxPwr- NoSnoop-
			MaxPayload 128 bytes, MaxReadReq 128 bytes
		DevSta:	CorrErr- UncorrErr- FatalErr- UnsuppReq- AuxPwr+ TransPend-
		LnkCap:	Port #2, Speed 5GT/s, Width x1, ASPM L0s L1, Latency L0 <512ns, L1 <16us
			ClockPM- Surprise- LLActRep+ BwNot-
		LnkCtl:	ASPM L0s L1 Enabled; RCB 64 bytes Disabled- Retrain- CommClk+
			ExtSynch- ClockPM- AutWidDis- BWInt- AutBWInt-
		LnkSta:	Speed 2.5GT/s, Width x1, TrErr- Train- SlotClk+ DLActive+ BWMgmt+ ABWMgmt-
		SltCap:	AttnBtn- PwrCtrl- MRL- AttnInd- PwrInd- HotPlug- Surprise-
			Slot #1, PowerLimit 10.000W; Interlock- NoCompl+
		SltCtl:	Enable: AttnBtn- PwrFlt- MRL- PresDet- CmdCplt- HPIrq- LinkChg-
			Control: AttnInd Unknown, PwrInd Unknown, Power- Interlock-
		SltSta:	Status: AttnBtn- PowerFlt- MRL- CmdCplt- PresDet+ Interlock-
			Changed: MRL- PresDet- LinkState+
		RootCtl: ErrCorrectable- ErrNon-Fatal- ErrFatal- PMEIntEna- CRSVisible-
		RootCap: CRSVisible-
		RootSta: PME ReqID 0000, PMEStatus- PMEPending-
		DevCap2: Completion Timeout: Range BC, TimeoutDis+ ARIFwd-
		DevCtl2: Completion Timeout: 50us to 50ms, TimeoutDis- ARIFwd-
		LnkCtl2: Target Link Speed: 5GT/s, EnterCompliance- SpeedDis-, Selectable De-emphasis: -6dB
			 Transmit Margin: Normal Operating Range, EnterModifiedCompliance- ComplianceSOS-
			 Compliance De-emphasis: -6dB
		LnkSta2: Current De-emphasis Level: -3.5dB, EqualizationComplete-, EqualizationPhase1-
			 EqualizationPhase2-, EqualizationPhase3-, LinkEqualizationRequest-
	Capabilities: [80] MSI: Enable- Count=1/1 Maskable- 64bit-
		Address: 00000000  Data: 0000
	Capabilities: [90] Subsystem: Toshiba America Info Systems Device fb31
	Capabilities: [a0] Power Management version 2
		Flags: PMEClk- DSI- D1- D2- AuxCurrent=0mA PME(D0+,D1-,D2-,D3hot+,D3cold+)
		Status: D0 NoSoftRst- PME-Enable- DSel=0 DScale=0 PME-
	Kernel driver in use: pcieport

00:1c.2 PCI bridge: Intel Corporation 7 Series/C210 Series Chipset Family PCI Express Root Port 3 (rev c4) (prog-if 00 [Normal decode])
	Control: I/O+ Mem+ BusMaster+ SpecCycle- MemWINV- VGASnoop- ParErr- Stepping- SERR- FastB2B- DisINTx-
	Status: Cap+ 66MHz- UDF- FastB2B- ParErr- DEVSEL=fast >TAbort- <TAbort- <MAbort- >SERR- <PERR- INTx-
	Latency: 0, Cache Line Size: 64 bytes
	Bus: primary=00, secondary=09, subordinate=0e, sec-latency=0
	I/O behind bridge: 00002000-00002fff
	Memory behind bridge: c1000000-c1ffffff
	Prefetchable memory behind bridge: 00000000c0000000-00000000c0ffffff
	Secondary status: 66MHz- FastB2B- ParErr- DEVSEL=fast >TAbort- <TAbort- <MAbort- <SERR- <PERR-
	BridgeCtl: Parity- SERR- NoISA- VGA- MAbort- >Reset- FastB2B-
		PriDiscTmr- SecDiscTmr- DiscTmrStat- DiscTmrSERREn-
	Capabilities: [40] Express (v2) Root Port (Slot+), MSI 00
		DevCap:	MaxPayload 128 bytes, PhantFunc 0, Latency L0s <64ns, L1 <1us
			ExtTag- RBE+ FLReset-
		DevCtl:	Report errors: Correctable- Non-Fatal- Fatal- Unsupported-
			RlxdOrd- ExtTag- PhantFunc- AuxPwr- NoSnoop-
			MaxPayload 128 bytes, MaxReadReq 128 bytes
		DevSta:	CorrErr- UncorrErr- FatalErr- UnsuppReq- AuxPwr+ TransPend-
		LnkCap:	Port #3, Speed 5GT/s, Width x1, ASPM L0s L1, Latency L0 <512ns, L1 <16us
			ClockPM- Surprise- LLActRep+ BwNot-
		LnkCtl:	ASPM L1 Enabled; RCB 64 bytes Disabled- Retrain- CommClk+
			ExtSynch- ClockPM- AutWidDis- BWInt- AutBWInt-
		LnkSta:	Speed 2.5GT/s, Width x1, TrErr- Train- SlotClk+ DLActive+ BWMgmt+ ABWMgmt-
		SltCap:	AttnBtn- PwrCtrl- MRL- AttnInd- PwrInd- HotPlug+ Surprise+
			Slot #2, PowerLimit 10.000W; Interlock- NoCompl+
		SltCtl:	Enable: AttnBtn- PwrFlt- MRL- PresDet+ CmdCplt- HPIrq- LinkChg-
			Control: AttnInd Unknown, PwrInd Unknown, Power- Interlock-
		SltSta:	Status: AttnBtn- PowerFlt- MRL- CmdCplt- PresDet+ Interlock-
			Changed: MRL- PresDet- LinkState-
		RootCtl: ErrCorrectable- ErrNon-Fatal- ErrFatal- PMEIntEna- CRSVisible-
		RootCap: CRSVisible-
		RootSta: PME ReqID 0000, PMEStatus- PMEPending-
		DevCap2: Completion Timeout: Range BC, TimeoutDis+ ARIFwd-
		DevCtl2: Completion Timeout: 50us to 50ms, TimeoutDis- ARIFwd-
		LnkCtl2: Target Link Speed: 5GT/s, EnterCompliance- SpeedDis-, Selectable De-emphasis: -6dB
			 Transmit Margin: Normal Operating Range, EnterModifiedCompliance- ComplianceSOS-
			 Compliance De-emphasis: -6dB
		LnkSta2: Current De-emphasis Level: -3.5dB, EqualizationComplete-, EqualizationPhase1-
			 EqualizationPhase2-, EqualizationPhase3-, LinkEqualizationRequest-
	Capabilities: [80] MSI: Enable- Count=1/1 Maskable- 64bit-
		Address: 00000000  Data: 0000
	Capabilities: [90] Subsystem: Toshiba America Info Systems Device fb31
	Capabilities: [a0] Power Management version 2
		Flags: PMEClk- DSI- D1- D2- AuxCurrent=0mA PME(D0+,D1-,D2-,D3hot+,D3cold+)
		Status: D0 NoSoftRst- PME-Enable- DSel=0 DScale=0 PME-
	Kernel driver in use: pcieport

00:1d.0 USB controller: Intel Corporation 7 Series/C210 Series Chipset Family USB Enhanced Host Controller #1 (rev 04) (prog-if 20 [EHCI])
	Subsystem: Toshiba America Info Systems Device fb31
	Control: I/O- Mem+ BusMaster+ SpecCycle- MemWINV- VGASnoop- ParErr- Stepping- SERR- FastB2B- DisINTx-
	Status: Cap+ 66MHz- UDF- FastB2B+ ParErr- DEVSEL=medium >TAbort- <TAbort- <MAbort- >SERR- <PERR- INTx-
	Latency: 0
	Interrupt: pin A routed to IRQ 23
	Region 0: Memory at c3118000 (32-bit, non-prefetchable) [size=1K]
	Capabilities: [50] Power Management version 2
		Flags: PMEClk- DSI- D1- D2- AuxCurrent=375mA PME(D0+,D1-,D2-,D3hot+,D3cold+)
		Status: D0 NoSoftRst- PME-Enable- DSel=0 DScale=0 PME-
	Capabilities: [58] Debug port: BAR=1 offset=00a0
	Capabilities: [98] PCI Advanced Features
		AFCap: TP+ FLR+
		AFCtrl: FLR-
		AFStatus: TP-
	Kernel driver in use: ehci-pci

00:1f.0 ISA bridge: Intel Corporation HM76 Express Chipset LPC Controller (rev 04)
	Subsystem: Toshiba America Info Systems Device fb31
	Control: I/O+ Mem+ BusMaster+ SpecCycle- MemWINV- VGASnoop- ParErr- Stepping- SERR- FastB2B- DisINTx-
	Status: Cap+ 66MHz- UDF- FastB2B- ParErr- DEVSEL=medium >TAbort- <TAbort- <MAbort- >SERR- <PERR- INTx-
	Latency: 0
	Capabilities: [e0] Vendor Specific Information: Len=0c <?>
	Kernel driver in use: lpc_ich

00:1f.2 SATA controller: Intel Corporation 7 Series Chipset Family 6-port SATA Controller [AHCI mode] (rev 04) (prog-if 01 [AHCI 1.0])
	Subsystem: Toshiba America Info Systems Device fb31
	Control: I/O+ Mem+ BusMaster+ SpecCycle- MemWINV- VGASnoop- ParErr- Stepping- SERR- FastB2B- DisINTx+
	Status: Cap+ 66MHz+ UDF- FastB2B+ ParErr- DEVSEL=medium >TAbort- <TAbort- <MAbort- >SERR- <PERR- INTx-
	Latency: 0
	Interrupt: pin B routed to IRQ 43
	Region 0: I/O ports at 4048 [size=8]
	Region 1: I/O ports at 4054 [size=4]
	Region 2: I/O ports at 4040 [size=8]
	Region 3: I/O ports at 4050 [size=4]
	Region 4: I/O ports at 4020 [size=32]
	Region 5: Memory at c3117000 (32-bit, non-prefetchable) [size=2K]
	Capabilities: [80] MSI: Enable+ Count=1/1 Maskable- 64bit-
		Address: fee0c00c  Data: 41d1
	Capabilities: [70] Power Management version 3
		Flags: PMEClk- DSI- D1- D2- AuxCurrent=0mA PME(D0-,D1-,D2-,D3hot+,D3cold-)
		Status: D0 NoSoftRst+ PME-Enable- DSel=0 DScale=0 PME-
	Capabilities: [a8] SATA HBA v1.0 BAR4 Offset=00000004
	Capabilities: [b0] PCI Advanced Features
		AFCap: TP+ FLR+
		AFCtrl: FLR-
		AFStatus: TP-
	Kernel driver in use: ahci

00:1f.3 SMBus: Intel Corporation 7 Series/C210 Series Chipset Family SMBus Controller (rev 04)
